--------------------------------------------------------------------------------
Release 14.7 Trace  (nt64)
Copyright (c) 1995-2013 Xilinx, Inc.  All rights reserved.

C:\Xilinx\14.7\ISE_DS\ISE\bin\nt64\unwrapped\trce.exe -intstyle ise -v 3 -s 3
-n 3 -fastpaths -xml ALU_LM_19101664.twx ALU_LM_19101664.ncd -o
ALU_LM_19101664.twr ALU_LM_19101664.pcf

Design file:              ALU_LM_19101664.ncd
Physical constraint file: ALU_LM_19101664.pcf
Device,package,speed:     xc7a100t,csg324,C,-3 (PRODUCTION 1.10 2013-10-13)
Report level:             verbose report

Environment Variable      Effect 
--------------------      ------ 
NONE                      No environment variables were set
--------------------------------------------------------------------------------

INFO:Timing:2698 - No timing constraints found, doing default enumeration.
INFO:Timing:3412 - To improve timing, see the Timing Closure User Guide (UG612).
INFO:Timing:2752 - To get complete path coverage, use the unconstrained paths 
   option. All paths that are not constrained will be reported in the 
   unconstrained paths section(s) of the report.
INFO:Timing:3339 - The clock-to-out numbers in this timing report are based on 
   a 50 Ohm transmission line loading model.  For the details of this model, 
   and for more information on accounting for different loading conditions, 
   please see the device datasheet.



Data Sheet report:
-----------------
All values displayed in nanoseconds (ns)

Pad to Pad
---------------+---------------+---------+
Source Pad     |Destination Pad|  Delay  |
---------------+---------------+---------+
A<0>           |res<0>         |   11.296|
A<0>           |res<1>         |   11.860|
A<0>           |res<2>         |   11.810|
A<0>           |res<3>         |   11.872|
A<0>           |res<4>         |   12.093|
A<0>           |res<5>         |   12.160|
A<0>           |res<6>         |   11.969|
A<0>           |res<7>         |   11.879|
A<0>           |res<8>         |   11.704|
A<0>           |res<9>         |   11.937|
A<0>           |res<10>        |   12.353|
A<0>           |res<11>        |   12.430|
A<0>           |res<12>        |   11.880|
A<0>           |res<13>        |   12.662|
A<0>           |res<14>        |   12.595|
A<0>           |res<15>        |   12.614|
A<0>           |res<16>        |   12.083|
A<0>           |res<17>        |   12.391|
A<0>           |res<18>        |   12.990|
A<0>           |res<19>        |   12.783|
A<0>           |res<20>        |   12.733|
A<0>           |res<21>        |   12.526|
A<0>           |res<22>        |   12.650|
A<0>           |res<23>        |   12.780|
A<0>           |res<24>        |   12.688|
A<0>           |res<25>        |   12.831|
A<0>           |res<26>        |   12.849|
A<0>           |res<27>        |   12.720|
A<0>           |res<28>        |   12.891|
A<0>           |res<29>        |   12.935|
A<0>           |res<30>        |   12.860|
A<0>           |res<31>        |   12.955|
A<0>           |zeroFlag       |    8.455|
A<1>           |res<0>         |   11.224|
A<1>           |res<1>         |   11.788|
A<1>           |res<2>         |   11.738|
A<1>           |res<3>         |   11.800|
A<1>           |res<4>         |   12.021|
A<1>           |res<5>         |   12.088|
A<1>           |res<6>         |   11.897|
A<1>           |res<7>         |   11.807|
A<1>           |res<8>         |   11.632|
A<1>           |res<9>         |   11.865|
A<1>           |res<10>        |   12.281|
A<1>           |res<11>        |   12.358|
A<1>           |res<12>        |   11.808|
A<1>           |res<13>        |   12.590|
A<1>           |res<14>        |   12.523|
A<1>           |res<15>        |   12.542|
A<1>           |res<16>        |   12.011|
A<1>           |res<17>        |   12.319|
A<1>           |res<18>        |   12.918|
A<1>           |res<19>        |   12.711|
A<1>           |res<20>        |   12.661|
A<1>           |res<21>        |   12.454|
A<1>           |res<22>        |   12.578|
A<1>           |res<23>        |   12.708|
A<1>           |res<24>        |   12.616|
A<1>           |res<25>        |   12.759|
A<1>           |res<26>        |   12.777|
A<1>           |res<27>        |   12.648|
A<1>           |res<28>        |   12.819|
A<1>           |res<29>        |   12.863|
A<1>           |res<30>        |   12.788|
A<1>           |res<31>        |   12.883|
A<1>           |zeroFlag       |    8.391|
A<2>           |res<0>         |   10.808|
A<2>           |res<1>         |   11.372|
A<2>           |res<2>         |   11.322|
A<2>           |res<3>         |   11.384|
A<2>           |res<4>         |   11.605|
A<2>           |res<5>         |   11.672|
A<2>           |res<6>         |   11.481|
A<2>           |res<7>         |   11.391|
A<2>           |res<8>         |   11.216|
A<2>           |res<9>         |   11.449|
A<2>           |res<10>        |   11.865|
A<2>           |res<11>        |   11.942|
A<2>           |res<12>        |   11.392|
A<2>           |res<13>        |   12.174|
A<2>           |res<14>        |   12.107|
A<2>           |res<15>        |   12.126|
A<2>           |res<16>        |   11.595|
A<2>           |res<17>        |   11.903|
A<2>           |res<18>        |   12.502|
A<2>           |res<19>        |   12.295|
A<2>           |res<20>        |   12.245|
A<2>           |res<21>        |   12.038|
A<2>           |res<22>        |   12.162|
A<2>           |res<23>        |   12.292|
A<2>           |res<24>        |   12.200|
A<2>           |res<25>        |   12.343|
A<2>           |res<26>        |   12.361|
A<2>           |res<27>        |   12.232|
A<2>           |res<28>        |   12.403|
A<2>           |res<29>        |   12.447|
A<2>           |res<30>        |   12.372|
A<2>           |res<31>        |   12.467|
A<2>           |zeroFlag       |    7.939|
A<3>           |res<0>         |   11.377|
A<3>           |res<1>         |   11.941|
A<3>           |res<2>         |   11.891|
A<3>           |res<3>         |   11.953|
A<3>           |res<4>         |   12.174|
A<3>           |res<5>         |   12.241|
A<3>           |res<6>         |   12.050|
A<3>           |res<7>         |   11.960|
A<3>           |res<8>         |   11.785|
A<3>           |res<9>         |   12.018|
A<3>           |res<10>        |   12.434|
A<3>           |res<11>        |   12.511|
A<3>           |res<12>        |   11.961|
A<3>           |res<13>        |   12.743|
A<3>           |res<14>        |   12.676|
A<3>           |res<15>        |   12.695|
A<3>           |res<16>        |   12.164|
A<3>           |res<17>        |   12.472|
A<3>           |res<18>        |   13.071|
A<3>           |res<19>        |   12.864|
A<3>           |res<20>        |   12.814|
A<3>           |res<21>        |   12.607|
A<3>           |res<22>        |   12.731|
A<3>           |res<23>        |   12.861|
A<3>           |res<24>        |   12.769|
A<3>           |res<25>        |   12.912|
A<3>           |res<26>        |   12.930|
A<3>           |res<27>        |   12.801|
A<3>           |res<28>        |   12.972|
A<3>           |res<29>        |   13.016|
A<3>           |res<30>        |   12.941|
A<3>           |res<31>        |   13.036|
A<3>           |zeroFlag       |    8.356|
A<4>           |res<0>         |   10.656|
A<4>           |res<1>         |   11.220|
A<4>           |res<2>         |   11.170|
A<4>           |res<3>         |   11.232|
A<4>           |res<4>         |   11.453|
A<4>           |res<5>         |   11.520|
A<4>           |res<6>         |   11.329|
A<4>           |res<7>         |   11.239|
A<4>           |res<8>         |   11.064|
A<4>           |res<9>         |   11.297|
A<4>           |res<10>        |   11.713|
A<4>           |res<11>        |   11.790|
A<4>           |res<12>        |   11.240|
A<4>           |res<13>        |   12.022|
A<4>           |res<14>        |   11.955|
A<4>           |res<15>        |   11.974|
A<4>           |res<16>        |   11.443|
A<4>           |res<17>        |   11.751|
A<4>           |res<18>        |   12.350|
A<4>           |res<19>        |   12.143|
A<4>           |res<20>        |   12.093|
A<4>           |res<21>        |   11.886|
A<4>           |res<22>        |   12.010|
A<4>           |res<23>        |   12.140|
A<4>           |res<24>        |   12.048|
A<4>           |res<25>        |   12.191|
A<4>           |res<26>        |   12.209|
A<4>           |res<27>        |   12.080|
A<4>           |res<28>        |   12.251|
A<4>           |res<29>        |   12.295|
A<4>           |res<30>        |   12.220|
A<4>           |res<31>        |   12.315|
A<4>           |zeroFlag       |    7.999|
A<5>           |res<0>         |   10.971|
A<5>           |res<1>         |   11.535|
A<5>           |res<2>         |   11.485|
A<5>           |res<3>         |   11.547|
A<5>           |res<4>         |   11.768|
A<5>           |res<5>         |   11.835|
A<5>           |res<6>         |   11.644|
A<5>           |res<7>         |   11.554|
A<5>           |res<8>         |   11.379|
A<5>           |res<9>         |   11.612|
A<5>           |res<10>        |   12.028|
A<5>           |res<11>        |   12.105|
A<5>           |res<12>        |   11.555|
A<5>           |res<13>        |   12.337|
A<5>           |res<14>        |   12.270|
A<5>           |res<15>        |   12.289|
A<5>           |res<16>        |   11.758|
A<5>           |res<17>        |   12.066|
A<5>           |res<18>        |   12.665|
A<5>           |res<19>        |   12.458|
A<5>           |res<20>        |   12.408|
A<5>           |res<21>        |   12.201|
A<5>           |res<22>        |   12.325|
A<5>           |res<23>        |   12.455|
A<5>           |res<24>        |   12.363|
A<5>           |res<25>        |   12.506|
A<5>           |res<26>        |   12.524|
A<5>           |res<27>        |   12.395|
A<5>           |res<28>        |   12.566|
A<5>           |res<29>        |   12.610|
A<5>           |res<30>        |   12.535|
A<5>           |res<31>        |   12.630|
A<5>           |zeroFlag       |    8.374|
A<6>           |res<0>         |   10.890|
A<6>           |res<1>         |   11.454|
A<6>           |res<2>         |   11.404|
A<6>           |res<3>         |   11.466|
A<6>           |res<4>         |   11.687|
A<6>           |res<5>         |   11.754|
A<6>           |res<6>         |   11.563|
A<6>           |res<7>         |   11.473|
A<6>           |res<8>         |   11.298|
A<6>           |res<9>         |   11.531|
A<6>           |res<10>        |   11.947|
A<6>           |res<11>        |   12.024|
A<6>           |res<12>        |   11.474|
A<6>           |res<13>        |   12.256|
A<6>           |res<14>        |   12.189|
A<6>           |res<15>        |   12.208|
A<6>           |res<16>        |   11.677|
A<6>           |res<17>        |   11.985|
A<6>           |res<18>        |   12.584|
A<6>           |res<19>        |   12.377|
A<6>           |res<20>        |   12.327|
A<6>           |res<21>        |   12.120|
A<6>           |res<22>        |   12.244|
A<6>           |res<23>        |   12.374|
A<6>           |res<24>        |   12.282|
A<6>           |res<25>        |   12.425|
A<6>           |res<26>        |   12.443|
A<6>           |res<27>        |   12.314|
A<6>           |res<28>        |   12.485|
A<6>           |res<29>        |   12.529|
A<6>           |res<30>        |   12.454|
A<6>           |res<31>        |   12.549|
A<6>           |zeroFlag       |    7.988|
A<7>           |res<0>         |   11.070|
A<7>           |res<1>         |   11.634|
A<7>           |res<2>         |   11.584|
A<7>           |res<3>         |   11.646|
A<7>           |res<4>         |   11.867|
A<7>           |res<5>         |   11.934|
A<7>           |res<6>         |   11.743|
A<7>           |res<7>         |   11.653|
A<7>           |res<8>         |   11.478|
A<7>           |res<9>         |   11.711|
A<7>           |res<10>        |   12.127|
A<7>           |res<11>        |   12.204|
A<7>           |res<12>        |   11.654|
A<7>           |res<13>        |   12.436|
A<7>           |res<14>        |   12.369|
A<7>           |res<15>        |   12.388|
A<7>           |res<16>        |   11.857|
A<7>           |res<17>        |   12.165|
A<7>           |res<18>        |   12.764|
A<7>           |res<19>        |   12.557|
A<7>           |res<20>        |   12.507|
A<7>           |res<21>        |   12.300|
A<7>           |res<22>        |   12.424|
A<7>           |res<23>        |   12.554|
A<7>           |res<24>        |   12.462|
A<7>           |res<25>        |   12.605|
A<7>           |res<26>        |   12.623|
A<7>           |res<27>        |   12.494|
A<7>           |res<28>        |   12.665|
A<7>           |res<29>        |   12.709|
A<7>           |res<30>        |   12.634|
A<7>           |res<31>        |   12.729|
A<7>           |zeroFlag       |    8.333|
A<8>           |res<0>         |   10.705|
A<8>           |res<1>         |   11.269|
A<8>           |res<2>         |   11.219|
A<8>           |res<3>         |   11.281|
A<8>           |res<4>         |   11.502|
A<8>           |res<5>         |   11.569|
A<8>           |res<6>         |   11.378|
A<8>           |res<7>         |   11.288|
A<8>           |res<8>         |   11.113|
A<8>           |res<9>         |   11.346|
A<8>           |res<10>        |   11.762|
A<8>           |res<11>        |   11.839|
A<8>           |res<12>        |   11.289|
A<8>           |res<13>        |   12.071|
A<8>           |res<14>        |   12.004|
A<8>           |res<15>        |   12.023|
A<8>           |res<16>        |   11.492|
A<8>           |res<17>        |   11.800|
A<8>           |res<18>        |   12.399|
A<8>           |res<19>        |   12.192|
A<8>           |res<20>        |   12.142|
A<8>           |res<21>        |   11.935|
A<8>           |res<22>        |   12.059|
A<8>           |res<23>        |   12.189|
A<8>           |res<24>        |   12.097|
A<8>           |res<25>        |   12.240|
A<8>           |res<26>        |   12.258|
A<8>           |res<27>        |   12.129|
A<8>           |res<28>        |   12.300|
A<8>           |res<29>        |   12.344|
A<8>           |res<30>        |   12.269|
A<8>           |res<31>        |   12.364|
A<8>           |zeroFlag       |    8.041|
A<9>           |res<0>         |   10.845|
A<9>           |res<1>         |   11.409|
A<9>           |res<2>         |   11.359|
A<9>           |res<3>         |   11.421|
A<9>           |res<4>         |   11.642|
A<9>           |res<5>         |   11.709|
A<9>           |res<6>         |   11.518|
A<9>           |res<7>         |   11.428|
A<9>           |res<8>         |   11.253|
A<9>           |res<9>         |   11.486|
A<9>           |res<10>        |   11.902|
A<9>           |res<11>        |   11.979|
A<9>           |res<12>        |   11.429|
A<9>           |res<13>        |   12.211|
A<9>           |res<14>        |   12.144|
A<9>           |res<15>        |   12.163|
A<9>           |res<16>        |   11.632|
A<9>           |res<17>        |   11.940|
A<9>           |res<18>        |   12.539|
A<9>           |res<19>        |   12.332|
A<9>           |res<20>        |   12.282|
A<9>           |res<21>        |   12.075|
A<9>           |res<22>        |   12.199|
A<9>           |res<23>        |   12.329|
A<9>           |res<24>        |   12.237|
A<9>           |res<25>        |   12.380|
A<9>           |res<26>        |   12.398|
A<9>           |res<27>        |   12.269|
A<9>           |res<28>        |   12.440|
A<9>           |res<29>        |   12.484|
A<9>           |res<30>        |   12.409|
A<9>           |res<31>        |   12.504|
A<9>           |zeroFlag       |    7.735|
A<10>          |res<0>         |   11.270|
A<10>          |res<1>         |   11.834|
A<10>          |res<2>         |   11.784|
A<10>          |res<3>         |   11.846|
A<10>          |res<4>         |   12.067|
A<10>          |res<5>         |   12.134|
A<10>          |res<6>         |   11.943|
A<10>          |res<7>         |   11.853|
A<10>          |res<8>         |   11.678|
A<10>          |res<9>         |   11.911|
A<10>          |res<10>        |   12.327|
A<10>          |res<11>        |   12.404|
A<10>          |res<12>        |   11.854|
A<10>          |res<13>        |   12.636|
A<10>          |res<14>        |   12.569|
A<10>          |res<15>        |   12.588|
A<10>          |res<16>        |   12.057|
A<10>          |res<17>        |   12.365|
A<10>          |res<18>        |   12.964|
A<10>          |res<19>        |   12.757|
A<10>          |res<20>        |   12.707|
A<10>          |res<21>        |   12.500|
A<10>          |res<22>        |   12.624|
A<10>          |res<23>        |   12.754|
A<10>          |res<24>        |   12.662|
A<10>          |res<25>        |   12.805|
A<10>          |res<26>        |   12.823|
A<10>          |res<27>        |   12.694|
A<10>          |res<28>        |   12.865|
A<10>          |res<29>        |   12.909|
A<10>          |res<30>        |   12.834|
A<10>          |res<31>        |   12.929|
A<10>          |zeroFlag       |    7.996|
A<11>          |res<0>         |   11.112|
A<11>          |res<1>         |   11.676|
A<11>          |res<2>         |   11.626|
A<11>          |res<3>         |   11.688|
A<11>          |res<4>         |   11.909|
A<11>          |res<5>         |   11.976|
A<11>          |res<6>         |   11.785|
A<11>          |res<7>         |   11.695|
A<11>          |res<8>         |   11.520|
A<11>          |res<9>         |   11.753|
A<11>          |res<10>        |   12.169|
A<11>          |res<11>        |   12.246|
A<11>          |res<12>        |   11.696|
A<11>          |res<13>        |   12.478|
A<11>          |res<14>        |   12.411|
A<11>          |res<15>        |   12.430|
A<11>          |res<16>        |   11.899|
A<11>          |res<17>        |   12.207|
A<11>          |res<18>        |   12.806|
A<11>          |res<19>        |   12.599|
A<11>          |res<20>        |   12.549|
A<11>          |res<21>        |   12.342|
A<11>          |res<22>        |   12.466|
A<11>          |res<23>        |   12.596|
A<11>          |res<24>        |   12.504|
A<11>          |res<25>        |   12.647|
A<11>          |res<26>        |   12.665|
A<11>          |res<27>        |   12.536|
A<11>          |res<28>        |   12.707|
A<11>          |res<29>        |   12.751|
A<11>          |res<30>        |   12.676|
A<11>          |res<31>        |   12.771|
A<11>          |zeroFlag       |    8.164|
A<12>          |res<0>         |   10.869|
A<12>          |res<1>         |   11.433|
A<12>          |res<2>         |   11.383|
A<12>          |res<3>         |   11.445|
A<12>          |res<4>         |   11.666|
A<12>          |res<5>         |   11.733|
A<12>          |res<6>         |   11.542|
A<12>          |res<7>         |   11.452|
A<12>          |res<8>         |   11.277|
A<12>          |res<9>         |   11.510|
A<12>          |res<10>        |   11.926|
A<12>          |res<11>        |   12.003|
A<12>          |res<12>        |   11.453|
A<12>          |res<13>        |   12.235|
A<12>          |res<14>        |   12.168|
A<12>          |res<15>        |   12.187|
A<12>          |res<16>        |   11.656|
A<12>          |res<17>        |   11.964|
A<12>          |res<18>        |   12.563|
A<12>          |res<19>        |   12.356|
A<12>          |res<20>        |   12.306|
A<12>          |res<21>        |   12.099|
A<12>          |res<22>        |   12.223|
A<12>          |res<23>        |   12.353|
A<12>          |res<24>        |   12.261|
A<12>          |res<25>        |   12.404|
A<12>          |res<26>        |   12.422|
A<12>          |res<27>        |   12.293|
A<12>          |res<28>        |   12.464|
A<12>          |res<29>        |   12.508|
A<12>          |res<30>        |   12.433|
A<12>          |res<31>        |   12.528|
A<12>          |zeroFlag       |    8.172|
A<13>          |res<0>         |   10.986|
A<13>          |res<1>         |   11.550|
A<13>          |res<2>         |   11.500|
A<13>          |res<3>         |   11.562|
A<13>          |res<4>         |   11.783|
A<13>          |res<5>         |   11.850|
A<13>          |res<6>         |   11.659|
A<13>          |res<7>         |   11.569|
A<13>          |res<8>         |   11.394|
A<13>          |res<9>         |   11.627|
A<13>          |res<10>        |   12.043|
A<13>          |res<11>        |   12.120|
A<13>          |res<12>        |   11.570|
A<13>          |res<13>        |   12.352|
A<13>          |res<14>        |   12.285|
A<13>          |res<15>        |   12.304|
A<13>          |res<16>        |   11.773|
A<13>          |res<17>        |   12.081|
A<13>          |res<18>        |   12.680|
A<13>          |res<19>        |   12.473|
A<13>          |res<20>        |   12.423|
A<13>          |res<21>        |   12.216|
A<13>          |res<22>        |   12.340|
A<13>          |res<23>        |   12.470|
A<13>          |res<24>        |   12.378|
A<13>          |res<25>        |   12.521|
A<13>          |res<26>        |   12.539|
A<13>          |res<27>        |   12.410|
A<13>          |res<28>        |   12.581|
A<13>          |res<29>        |   12.625|
A<13>          |res<30>        |   12.550|
A<13>          |res<31>        |   12.645|
A<13>          |zeroFlag       |    7.940|
A<14>          |res<0>         |   11.744|
A<14>          |res<1>         |   12.308|
A<14>          |res<2>         |   12.258|
A<14>          |res<3>         |   12.320|
A<14>          |res<4>         |   12.541|
A<14>          |res<5>         |   12.608|
A<14>          |res<6>         |   12.417|
A<14>          |res<7>         |   12.327|
A<14>          |res<8>         |   12.152|
A<14>          |res<9>         |   12.385|
A<14>          |res<10>        |   12.801|
A<14>          |res<11>        |   12.878|
A<14>          |res<12>        |   12.328|
A<14>          |res<13>        |   13.110|
A<14>          |res<14>        |   13.043|
A<14>          |res<15>        |   13.062|
A<14>          |res<16>        |   12.531|
A<14>          |res<17>        |   12.839|
A<14>          |res<18>        |   13.438|
A<14>          |res<19>        |   13.231|
A<14>          |res<20>        |   13.181|
A<14>          |res<21>        |   12.974|
A<14>          |res<22>        |   13.098|
A<14>          |res<23>        |   13.228|
A<14>          |res<24>        |   13.136|
A<14>          |res<25>        |   13.279|
A<14>          |res<26>        |   13.297|
A<14>          |res<27>        |   13.168|
A<14>          |res<28>        |   13.339|
A<14>          |res<29>        |   13.383|
A<14>          |res<30>        |   13.308|
A<14>          |res<31>        |   13.403|
A<14>          |zeroFlag       |    8.770|
A<15>          |res<0>         |   11.352|
A<15>          |res<1>         |   11.916|
A<15>          |res<2>         |   11.866|
A<15>          |res<3>         |   11.928|
A<15>          |res<4>         |   12.149|
A<15>          |res<5>         |   12.216|
A<15>          |res<6>         |   12.025|
A<15>          |res<7>         |   11.935|
A<15>          |res<8>         |   11.760|
A<15>          |res<9>         |   11.993|
A<15>          |res<10>        |   12.409|
A<15>          |res<11>        |   12.486|
A<15>          |res<12>        |   11.936|
A<15>          |res<13>        |   12.718|
A<15>          |res<14>        |   12.651|
A<15>          |res<15>        |   12.670|
A<15>          |res<16>        |   12.139|
A<15>          |res<17>        |   12.447|
A<15>          |res<18>        |   13.046|
A<15>          |res<19>        |   12.839|
A<15>          |res<20>        |   12.789|
A<15>          |res<21>        |   12.582|
A<15>          |res<22>        |   12.706|
A<15>          |res<23>        |   12.836|
A<15>          |res<24>        |   12.744|
A<15>          |res<25>        |   12.887|
A<15>          |res<26>        |   12.905|
A<15>          |res<27>        |   12.776|
A<15>          |res<28>        |   12.947|
A<15>          |res<29>        |   12.991|
A<15>          |res<30>        |   12.916|
A<15>          |res<31>        |   13.011|
A<15>          |zeroFlag       |    8.696|
A<16>          |res<0>         |   11.728|
A<16>          |res<1>         |   12.292|
A<16>          |res<2>         |   12.242|
A<16>          |res<3>         |   12.304|
A<16>          |res<4>         |   12.525|
A<16>          |res<5>         |   12.592|
A<16>          |res<6>         |   12.401|
A<16>          |res<7>         |   12.311|
A<16>          |res<8>         |   12.136|
A<16>          |res<9>         |   12.369|
A<16>          |res<10>        |   12.785|
A<16>          |res<11>        |   12.862|
A<16>          |res<12>        |   12.312|
A<16>          |res<13>        |   13.094|
A<16>          |res<14>        |   13.027|
A<16>          |res<15>        |   13.046|
A<16>          |res<16>        |   12.515|
A<16>          |res<17>        |   12.823|
A<16>          |res<18>        |   13.422|
A<16>          |res<19>        |   13.215|
A<16>          |res<20>        |   13.165|
A<16>          |res<21>        |   12.958|
A<16>          |res<22>        |   13.082|
A<16>          |res<23>        |   13.212|
A<16>          |res<24>        |   13.120|
A<16>          |res<25>        |   13.263|
A<16>          |res<26>        |   13.281|
A<16>          |res<27>        |   13.152|
A<16>          |res<28>        |   13.323|
A<16>          |res<29>        |   13.367|
A<16>          |res<30>        |   13.292|
A<16>          |res<31>        |   13.387|
A<16>          |zeroFlag       |    8.850|
A<17>          |res<0>         |   11.671|
A<17>          |res<1>         |   12.235|
A<17>          |res<2>         |   12.185|
A<17>          |res<3>         |   12.247|
A<17>          |res<4>         |   12.468|
A<17>          |res<5>         |   12.535|
A<17>          |res<6>         |   12.344|
A<17>          |res<7>         |   12.254|
A<17>          |res<8>         |   12.079|
A<17>          |res<9>         |   12.312|
A<17>          |res<10>        |   12.728|
A<17>          |res<11>        |   12.805|
A<17>          |res<12>        |   12.255|
A<17>          |res<13>        |   13.037|
A<17>          |res<14>        |   12.970|
A<17>          |res<15>        |   12.989|
A<17>          |res<16>        |   12.458|
A<17>          |res<17>        |   12.766|
A<17>          |res<18>        |   13.365|
A<17>          |res<19>        |   13.158|
A<17>          |res<20>        |   13.108|
A<17>          |res<21>        |   12.901|
A<17>          |res<22>        |   13.025|
A<17>          |res<23>        |   13.155|
A<17>          |res<24>        |   13.063|
A<17>          |res<25>        |   13.206|
A<17>          |res<26>        |   13.224|
A<17>          |res<27>        |   13.095|
A<17>          |res<28>        |   13.266|
A<17>          |res<29>        |   13.310|
A<17>          |res<30>        |   13.235|
A<17>          |res<31>        |   13.330|
A<17>          |zeroFlag       |    8.541|
A<18>          |res<0>         |   11.508|
A<18>          |res<1>         |   12.072|
A<18>          |res<2>         |   12.022|
A<18>          |res<3>         |   12.084|
A<18>          |res<4>         |   12.305|
A<18>          |res<5>         |   12.372|
A<18>          |res<6>         |   12.181|
A<18>          |res<7>         |   12.091|
A<18>          |res<8>         |   11.916|
A<18>          |res<9>         |   12.149|
A<18>          |res<10>        |   12.565|
A<18>          |res<11>        |   12.642|
A<18>          |res<12>        |   12.092|
A<18>          |res<13>        |   12.874|
A<18>          |res<14>        |   12.807|
A<18>          |res<15>        |   12.826|
A<18>          |res<16>        |   12.295|
A<18>          |res<17>        |   12.603|
A<18>          |res<18>        |   13.202|
A<18>          |res<19>        |   12.995|
A<18>          |res<20>        |   12.945|
A<18>          |res<21>        |   12.738|
A<18>          |res<22>        |   12.862|
A<18>          |res<23>        |   12.992|
A<18>          |res<24>        |   12.900|
A<18>          |res<25>        |   13.043|
A<18>          |res<26>        |   13.061|
A<18>          |res<27>        |   12.932|
A<18>          |res<28>        |   13.103|
A<18>          |res<29>        |   13.147|
A<18>          |res<30>        |   13.072|
A<18>          |res<31>        |   13.167|
A<18>          |zeroFlag       |    8.858|
A<19>          |res<0>         |   11.642|
A<19>          |res<1>         |   12.206|
A<19>          |res<2>         |   12.156|
A<19>          |res<3>         |   12.218|
A<19>          |res<4>         |   12.439|
A<19>          |res<5>         |   12.506|
A<19>          |res<6>         |   12.315|
A<19>          |res<7>         |   12.225|
A<19>          |res<8>         |   12.050|
A<19>          |res<9>         |   12.283|
A<19>          |res<10>        |   12.699|
A<19>          |res<11>        |   12.776|
A<19>          |res<12>        |   12.226|
A<19>          |res<13>        |   13.008|
A<19>          |res<14>        |   12.941|
A<19>          |res<15>        |   12.960|
A<19>          |res<16>        |   12.429|
A<19>          |res<17>        |   12.737|
A<19>          |res<18>        |   13.336|
A<19>          |res<19>        |   13.129|
A<19>          |res<20>        |   13.079|
A<19>          |res<21>        |   12.872|
A<19>          |res<22>        |   12.996|
A<19>          |res<23>        |   13.126|
A<19>          |res<24>        |   13.034|
A<19>          |res<25>        |   13.177|
A<19>          |res<26>        |   13.195|
A<19>          |res<27>        |   13.066|
A<19>          |res<28>        |   13.237|
A<19>          |res<29>        |   13.281|
A<19>          |res<30>        |   13.206|
A<19>          |res<31>        |   13.301|
A<19>          |zeroFlag       |    8.299|
A<20>          |res<0>         |   11.342|
A<20>          |res<1>         |   11.906|
A<20>          |res<2>         |   11.856|
A<20>          |res<3>         |   11.918|
A<20>          |res<4>         |   12.139|
A<20>          |res<5>         |   12.206|
A<20>          |res<6>         |   12.015|
A<20>          |res<7>         |   11.925|
A<20>          |res<8>         |   11.750|
A<20>          |res<9>         |   11.983|
A<20>          |res<10>        |   12.399|
A<20>          |res<11>        |   12.476|
A<20>          |res<12>        |   11.926|
A<20>          |res<13>        |   12.708|
A<20>          |res<14>        |   12.641|
A<20>          |res<15>        |   12.660|
A<20>          |res<16>        |   12.129|
A<20>          |res<17>        |   12.437|
A<20>          |res<18>        |   13.036|
A<20>          |res<19>        |   12.829|
A<20>          |res<20>        |   12.779|
A<20>          |res<21>        |   12.572|
A<20>          |res<22>        |   12.696|
A<20>          |res<23>        |   12.826|
A<20>          |res<24>        |   12.734|
A<20>          |res<25>        |   12.877|
A<20>          |res<26>        |   12.895|
A<20>          |res<27>        |   12.766|
A<20>          |res<28>        |   12.937|
A<20>          |res<29>        |   12.981|
A<20>          |res<30>        |   12.906|
A<20>          |res<31>        |   13.001|
A<20>          |zeroFlag       |    8.322|
A<21>          |res<0>         |   11.484|
A<21>          |res<1>         |   12.048|
A<21>          |res<2>         |   11.998|
A<21>          |res<3>         |   12.060|
A<21>          |res<4>         |   12.281|
A<21>          |res<5>         |   12.348|
A<21>          |res<6>         |   12.157|
A<21>          |res<7>         |   12.067|
A<21>          |res<8>         |   11.892|
A<21>          |res<9>         |   12.125|
A<21>          |res<10>        |   12.541|
A<21>          |res<11>        |   12.618|
A<21>          |res<12>        |   12.068|
A<21>          |res<13>        |   12.850|
A<21>          |res<14>        |   12.783|
A<21>          |res<15>        |   12.802|
A<21>          |res<16>        |   12.271|
A<21>          |res<17>        |   12.579|
A<21>          |res<18>        |   13.178|
A<21>          |res<19>        |   12.971|
A<21>          |res<20>        |   12.921|
A<21>          |res<21>        |   12.714|
A<21>          |res<22>        |   12.838|
A<21>          |res<23>        |   12.968|
A<21>          |res<24>        |   12.876|
A<21>          |res<25>        |   13.019|
A<21>          |res<26>        |   13.037|
A<21>          |res<27>        |   12.908|
A<21>          |res<28>        |   13.079|
A<21>          |res<29>        |   13.123|
A<21>          |res<30>        |   13.048|
A<21>          |res<31>        |   13.143|
A<21>          |zeroFlag       |    8.463|
A<22>          |res<0>         |   11.074|
A<22>          |res<1>         |   11.638|
A<22>          |res<2>         |   11.588|
A<22>          |res<3>         |   11.650|
A<22>          |res<4>         |   11.871|
A<22>          |res<5>         |   11.938|
A<22>          |res<6>         |   11.747|
A<22>          |res<7>         |   11.657|
A<22>          |res<8>         |   11.482|
A<22>          |res<9>         |   11.715|
A<22>          |res<10>        |   12.131|
A<22>          |res<11>        |   12.208|
A<22>          |res<12>        |   11.658|
A<22>          |res<13>        |   12.440|
A<22>          |res<14>        |   12.373|
A<22>          |res<15>        |   12.392|
A<22>          |res<16>        |   11.861|
A<22>          |res<17>        |   12.169|
A<22>          |res<18>        |   12.768|
A<22>          |res<19>        |   12.561|
A<22>          |res<20>        |   12.511|
A<22>          |res<21>        |   12.304|
A<22>          |res<22>        |   12.428|
A<22>          |res<23>        |   12.558|
A<22>          |res<24>        |   12.466|
A<22>          |res<25>        |   12.609|
A<22>          |res<26>        |   12.627|
A<22>          |res<27>        |   12.498|
A<22>          |res<28>        |   12.669|
A<22>          |res<29>        |   12.713|
A<22>          |res<30>        |   12.638|
A<22>          |res<31>        |   12.733|
A<22>          |zeroFlag       |    8.218|
A<23>          |res<0>         |   11.661|
A<23>          |res<1>         |   12.225|
A<23>          |res<2>         |   12.175|
A<23>          |res<3>         |   12.237|
A<23>          |res<4>         |   12.458|
A<23>          |res<5>         |   12.525|
A<23>          |res<6>         |   12.334|
A<23>          |res<7>         |   12.244|
A<23>          |res<8>         |   12.069|
A<23>          |res<9>         |   12.302|
A<23>          |res<10>        |   12.718|
A<23>          |res<11>        |   12.795|
A<23>          |res<12>        |   12.245|
A<23>          |res<13>        |   13.027|
A<23>          |res<14>        |   12.960|
A<23>          |res<15>        |   12.979|
A<23>          |res<16>        |   12.448|
A<23>          |res<17>        |   12.756|
A<23>          |res<18>        |   13.355|
A<23>          |res<19>        |   13.148|
A<23>          |res<20>        |   13.098|
A<23>          |res<21>        |   12.891|
A<23>          |res<22>        |   13.015|
A<23>          |res<23>        |   13.145|
A<23>          |res<24>        |   13.053|
A<23>          |res<25>        |   13.196|
A<23>          |res<26>        |   13.214|
A<23>          |res<27>        |   13.085|
A<23>          |res<28>        |   13.256|
A<23>          |res<29>        |   13.300|
A<23>          |res<30>        |   13.225|
A<23>          |res<31>        |   13.320|
A<23>          |zeroFlag       |    8.504|
A<24>          |res<0>         |   10.771|
A<24>          |res<1>         |   11.335|
A<24>          |res<2>         |   11.285|
A<24>          |res<3>         |   11.347|
A<24>          |res<4>         |   11.568|
A<24>          |res<5>         |   11.635|
A<24>          |res<6>         |   11.444|
A<24>          |res<7>         |   11.354|
A<24>          |res<8>         |   11.179|
A<24>          |res<9>         |   11.412|
A<24>          |res<10>        |   11.828|
A<24>          |res<11>        |   11.905|
A<24>          |res<12>        |   11.355|
A<24>          |res<13>        |   12.137|
A<24>          |res<14>        |   12.070|
A<24>          |res<15>        |   12.089|
A<24>          |res<16>        |   11.558|
A<24>          |res<17>        |   11.866|
A<24>          |res<18>        |   12.465|
A<24>          |res<19>        |   12.258|
A<24>          |res<20>        |   12.208|
A<24>          |res<21>        |   12.001|
A<24>          |res<22>        |   12.125|
A<24>          |res<23>        |   12.255|
A<24>          |res<24>        |   12.163|
A<24>          |res<25>        |   12.306|
A<24>          |res<26>        |   12.324|
A<24>          |res<27>        |   12.195|
A<24>          |res<28>        |   12.366|
A<24>          |res<29>        |   12.410|
A<24>          |res<30>        |   12.335|
A<24>          |res<31>        |   12.430|
A<24>          |zeroFlag       |    8.085|
A<25>          |res<0>         |   11.186|
A<25>          |res<1>         |   11.750|
A<25>          |res<2>         |   11.700|
A<25>          |res<3>         |   11.762|
A<25>          |res<4>         |   11.983|
A<25>          |res<5>         |   12.050|
A<25>          |res<6>         |   11.859|
A<25>          |res<7>         |   11.769|
A<25>          |res<8>         |   11.594|
A<25>          |res<9>         |   11.827|
A<25>          |res<10>        |   12.243|
A<25>          |res<11>        |   12.320|
A<25>          |res<12>        |   11.770|
A<25>          |res<13>        |   12.552|
A<25>          |res<14>        |   12.485|
A<25>          |res<15>        |   12.504|
A<25>          |res<16>        |   11.973|
A<25>          |res<17>        |   12.281|
A<25>          |res<18>        |   12.880|
A<25>          |res<19>        |   12.673|
A<25>          |res<20>        |   12.623|
A<25>          |res<21>        |   12.416|
A<25>          |res<22>        |   12.540|
A<25>          |res<23>        |   12.670|
A<25>          |res<24>        |   12.578|
A<25>          |res<25>        |   12.721|
A<25>          |res<26>        |   12.739|
A<25>          |res<27>        |   12.610|
A<25>          |res<28>        |   12.781|
A<25>          |res<29>        |   12.825|
A<25>          |res<30>        |   12.750|
A<25>          |res<31>        |   12.845|
A<25>          |zeroFlag       |    8.146|
A<26>          |res<0>         |   11.004|
A<26>          |res<1>         |   11.568|
A<26>          |res<2>         |   11.518|
A<26>          |res<3>         |   11.580|
A<26>          |res<4>         |   11.801|
A<26>          |res<5>         |   11.868|
A<26>          |res<6>         |   11.677|
A<26>          |res<7>         |   11.587|
A<26>          |res<8>         |   11.412|
A<26>          |res<9>         |   11.645|
A<26>          |res<10>        |   12.061|
A<26>          |res<11>        |   12.138|
A<26>          |res<12>        |   11.588|
A<26>          |res<13>        |   12.370|
A<26>          |res<14>        |   12.303|
A<26>          |res<15>        |   12.322|
A<26>          |res<16>        |   11.791|
A<26>          |res<17>        |   12.099|
A<26>          |res<18>        |   12.698|
A<26>          |res<19>        |   12.491|
A<26>          |res<20>        |   12.441|
A<26>          |res<21>        |   12.234|
A<26>          |res<22>        |   12.358|
A<26>          |res<23>        |   12.488|
A<26>          |res<24>        |   12.396|
A<26>          |res<25>        |   12.539|
A<26>          |res<26>        |   12.557|
A<26>          |res<27>        |   12.428|
A<26>          |res<28>        |   12.599|
A<26>          |res<29>        |   12.643|
A<26>          |res<30>        |   12.568|
A<26>          |res<31>        |   12.663|
A<26>          |zeroFlag       |    7.914|
A<27>          |res<0>         |   11.343|
A<27>          |res<1>         |   11.907|
A<27>          |res<2>         |   11.857|
A<27>          |res<3>         |   11.919|
A<27>          |res<4>         |   12.140|
A<27>          |res<5>         |   12.207|
A<27>          |res<6>         |   12.016|
A<27>          |res<7>         |   11.926|
A<27>          |res<8>         |   11.751|
A<27>          |res<9>         |   11.984|
A<27>          |res<10>        |   12.400|
A<27>          |res<11>        |   12.477|
A<27>          |res<12>        |   11.927|
A<27>          |res<13>        |   12.709|
A<27>          |res<14>        |   12.642|
A<27>          |res<15>        |   12.661|
A<27>          |res<16>        |   12.130|
A<27>          |res<17>        |   12.438|
A<27>          |res<18>        |   13.037|
A<27>          |res<19>        |   12.830|
A<27>          |res<20>        |   12.780|
A<27>          |res<21>        |   12.573|
A<27>          |res<22>        |   12.697|
A<27>          |res<23>        |   12.827|
A<27>          |res<24>        |   12.735|
A<27>          |res<25>        |   12.878|
A<27>          |res<26>        |   12.896|
A<27>          |res<27>        |   12.767|
A<27>          |res<28>        |   12.938|
A<27>          |res<29>        |   12.982|
A<27>          |res<30>        |   12.907|
A<27>          |res<31>        |   13.002|
A<27>          |zeroFlag       |    8.398|
A<28>          |res<0>         |   10.222|
A<28>          |res<1>         |   10.786|
A<28>          |res<2>         |   10.736|
A<28>          |res<3>         |   10.798|
A<28>          |res<4>         |   11.019|
A<28>          |res<5>         |   11.086|
A<28>          |res<6>         |   10.895|
A<28>          |res<7>         |   10.805|
A<28>          |res<8>         |   10.630|
A<28>          |res<9>         |   10.863|
A<28>          |res<10>        |   11.279|
A<28>          |res<11>        |   11.356|
A<28>          |res<12>        |   10.806|
A<28>          |res<13>        |   11.588|
A<28>          |res<14>        |   11.521|
A<28>          |res<15>        |   11.540|
A<28>          |res<16>        |   11.009|
A<28>          |res<17>        |   11.317|
A<28>          |res<18>        |   11.916|
A<28>          |res<19>        |   11.709|
A<28>          |res<20>        |   11.659|
A<28>          |res<21>        |   11.452|
A<28>          |res<22>        |   11.576|
A<28>          |res<23>        |   11.706|
A<28>          |res<24>        |   11.614|
A<28>          |res<25>        |   11.757|
A<28>          |res<26>        |   11.775|
A<28>          |res<27>        |   11.646|
A<28>          |res<28>        |   11.817|
A<28>          |res<29>        |   11.861|
A<28>          |res<30>        |   11.786|
A<28>          |res<31>        |   11.881|
A<28>          |zeroFlag       |    7.724|
A<29>          |res<0>         |   10.114|
A<29>          |res<1>         |   10.678|
A<29>          |res<2>         |   10.628|
A<29>          |res<3>         |   10.690|
A<29>          |res<4>         |   10.911|
A<29>          |res<5>         |   10.978|
A<29>          |res<6>         |   10.787|
A<29>          |res<7>         |   10.697|
A<29>          |res<8>         |   10.522|
A<29>          |res<9>         |   10.755|
A<29>          |res<10>        |   11.171|
A<29>          |res<11>        |   11.248|
A<29>          |res<12>        |   10.698|
A<29>          |res<13>        |   11.480|
A<29>          |res<14>        |   11.413|
A<29>          |res<15>        |   11.432|
A<29>          |res<16>        |   10.901|
A<29>          |res<17>        |   11.209|
A<29>          |res<18>        |   11.808|
A<29>          |res<19>        |   11.601|
A<29>          |res<20>        |   11.551|
A<29>          |res<21>        |   11.344|
A<29>          |res<22>        |   11.468|
A<29>          |res<23>        |   11.598|
A<29>          |res<24>        |   11.506|
A<29>          |res<25>        |   11.649|
A<29>          |res<26>        |   11.667|
A<29>          |res<27>        |   11.538|
A<29>          |res<28>        |   11.709|
A<29>          |res<29>        |   11.753|
A<29>          |res<30>        |   11.678|
A<29>          |res<31>        |   11.773|
A<29>          |zeroFlag       |    7.752|
A<30>          |res<0>         |    8.986|
A<30>          |res<1>         |    9.550|
A<30>          |res<2>         |    9.500|
A<30>          |res<3>         |    9.562|
A<30>          |res<4>         |    9.783|
A<30>          |res<5>         |    9.850|
A<30>          |res<6>         |    9.659|
A<30>          |res<7>         |    9.569|
A<30>          |res<8>         |    9.394|
A<30>          |res<9>         |    9.627|
A<30>          |res<10>        |   10.043|
A<30>          |res<11>        |   10.120|
A<30>          |res<12>        |    9.570|
A<30>          |res<13>        |   10.352|
A<30>          |res<14>        |   10.285|
A<30>          |res<15>        |   10.304|
A<30>          |res<16>        |    9.773|
A<30>          |res<17>        |   10.081|
A<30>          |res<18>        |   10.680|
A<30>          |res<19>        |   10.473|
A<30>          |res<20>        |   10.423|
A<30>          |res<21>        |   10.216|
A<30>          |res<22>        |   10.340|
A<30>          |res<23>        |   10.470|
A<30>          |res<24>        |   10.378|
A<30>          |res<25>        |   10.521|
A<30>          |res<26>        |   10.539|
A<30>          |res<27>        |   10.410|
A<30>          |res<28>        |   10.581|
A<30>          |res<29>        |   10.625|
A<30>          |res<30>        |   10.550|
A<30>          |res<31>        |   10.645|
A<30>          |zeroFlag       |    7.441|
A<31>          |res<0>         |    8.581|
A<31>          |res<1>         |    9.145|
A<31>          |res<2>         |    9.095|
A<31>          |res<3>         |    9.157|
A<31>          |res<4>         |    9.378|
A<31>          |res<5>         |    9.445|
A<31>          |res<6>         |    9.254|
A<31>          |res<7>         |    9.164|
A<31>          |res<8>         |    8.989|
A<31>          |res<9>         |    9.222|
A<31>          |res<10>        |    9.638|
A<31>          |res<11>        |    9.715|
A<31>          |res<12>        |    9.165|
A<31>          |res<13>        |    9.947|
A<31>          |res<14>        |    9.880|
A<31>          |res<15>        |    9.899|
A<31>          |res<16>        |    9.368|
A<31>          |res<17>        |    9.676|
A<31>          |res<18>        |   10.275|
A<31>          |res<19>        |   10.068|
A<31>          |res<20>        |   10.018|
A<31>          |res<21>        |    9.811|
A<31>          |res<22>        |    9.935|
A<31>          |res<23>        |   10.065|
A<31>          |res<24>        |    9.973|
A<31>          |res<25>        |   10.116|
A<31>          |res<26>        |   10.134|
A<31>          |res<27>        |   10.005|
A<31>          |res<28>        |   10.176|
A<31>          |res<29>        |   10.220|
A<31>          |res<30>        |   10.145|
A<31>          |res<31>        |   10.240|
A<31>          |zeroFlag       |    7.527|
B<0>           |res<0>         |   11.448|
B<0>           |res<1>         |   12.012|
B<0>           |res<2>         |   11.962|
B<0>           |res<3>         |   12.024|
B<0>           |res<4>         |   12.245|
B<0>           |res<5>         |   12.312|
B<0>           |res<6>         |   12.121|
B<0>           |res<7>         |   12.031|
B<0>           |res<8>         |   11.856|
B<0>           |res<9>         |   12.089|
B<0>           |res<10>        |   12.505|
B<0>           |res<11>        |   12.582|
B<0>           |res<12>        |   12.032|
B<0>           |res<13>        |   12.814|
B<0>           |res<14>        |   12.747|
B<0>           |res<15>        |   12.766|
B<0>           |res<16>        |   12.235|
B<0>           |res<17>        |   12.543|
B<0>           |res<18>        |   13.142|
B<0>           |res<19>        |   12.935|
B<0>           |res<20>        |   12.885|
B<0>           |res<21>        |   12.678|
B<0>           |res<22>        |   12.802|
B<0>           |res<23>        |   12.932|
B<0>           |res<24>        |   12.840|
B<0>           |res<25>        |   12.983|
B<0>           |res<26>        |   13.001|
B<0>           |res<27>        |   12.872|
B<0>           |res<28>        |   13.043|
B<0>           |res<29>        |   13.087|
B<0>           |res<30>        |   13.012|
B<0>           |res<31>        |   13.107|
B<0>           |zeroFlag       |    8.105|
B<1>           |res<0>         |   11.312|
B<1>           |res<1>         |   11.876|
B<1>           |res<2>         |   11.826|
B<1>           |res<3>         |   11.888|
B<1>           |res<4>         |   12.109|
B<1>           |res<5>         |   12.176|
B<1>           |res<6>         |   11.985|
B<1>           |res<7>         |   11.895|
B<1>           |res<8>         |   11.720|
B<1>           |res<9>         |   11.953|
B<1>           |res<10>        |   12.369|
B<1>           |res<11>        |   12.446|
B<1>           |res<12>        |   11.896|
B<1>           |res<13>        |   12.678|
B<1>           |res<14>        |   12.611|
B<1>           |res<15>        |   12.630|
B<1>           |res<16>        |   12.099|
B<1>           |res<17>        |   12.407|
B<1>           |res<18>        |   13.006|
B<1>           |res<19>        |   12.799|
B<1>           |res<20>        |   12.749|
B<1>           |res<21>        |   12.542|
B<1>           |res<22>        |   12.666|
B<1>           |res<23>        |   12.796|
B<1>           |res<24>        |   12.704|
B<1>           |res<25>        |   12.847|
B<1>           |res<26>        |   12.865|
B<1>           |res<27>        |   12.736|
B<1>           |res<28>        |   12.907|
B<1>           |res<29>        |   12.951|
B<1>           |res<30>        |   12.876|
B<1>           |res<31>        |   12.971|
B<1>           |zeroFlag       |    8.216|
B<2>           |res<0>         |   11.143|
B<2>           |res<1>         |   11.707|
B<2>           |res<2>         |   11.657|
B<2>           |res<3>         |   11.719|
B<2>           |res<4>         |   11.940|
B<2>           |res<5>         |   12.007|
B<2>           |res<6>         |   11.816|
B<2>           |res<7>         |   11.726|
B<2>           |res<8>         |   11.551|
B<2>           |res<9>         |   11.784|
B<2>           |res<10>        |   12.200|
B<2>           |res<11>        |   12.277|
B<2>           |res<12>        |   11.727|
B<2>           |res<13>        |   12.509|
B<2>           |res<14>        |   12.442|
B<2>           |res<15>        |   12.461|
B<2>           |res<16>        |   11.930|
B<2>           |res<17>        |   12.238|
B<2>           |res<18>        |   12.837|
B<2>           |res<19>        |   12.630|
B<2>           |res<20>        |   12.580|
B<2>           |res<21>        |   12.373|
B<2>           |res<22>        |   12.497|
B<2>           |res<23>        |   12.627|
B<2>           |res<24>        |   12.535|
B<2>           |res<25>        |   12.678|
B<2>           |res<26>        |   12.696|
B<2>           |res<27>        |   12.567|
B<2>           |res<28>        |   12.738|
B<2>           |res<29>        |   12.782|
B<2>           |res<30>        |   12.707|
B<2>           |res<31>        |   12.802|
B<2>           |zeroFlag       |    8.154|
B<3>           |res<0>         |   11.177|
B<3>           |res<1>         |   11.741|
B<3>           |res<2>         |   11.691|
B<3>           |res<3>         |   11.753|
B<3>           |res<4>         |   11.974|
B<3>           |res<5>         |   12.041|
B<3>           |res<6>         |   11.850|
B<3>           |res<7>         |   11.760|
B<3>           |res<8>         |   11.585|
B<3>           |res<9>         |   11.818|
B<3>           |res<10>        |   12.234|
B<3>           |res<11>        |   12.311|
B<3>           |res<12>        |   11.761|
B<3>           |res<13>        |   12.543|
B<3>           |res<14>        |   12.476|
B<3>           |res<15>        |   12.495|
B<3>           |res<16>        |   11.964|
B<3>           |res<17>        |   12.272|
B<3>           |res<18>        |   12.871|
B<3>           |res<19>        |   12.664|
B<3>           |res<20>        |   12.614|
B<3>           |res<21>        |   12.407|
B<3>           |res<22>        |   12.531|
B<3>           |res<23>        |   12.661|
B<3>           |res<24>        |   12.569|
B<3>           |res<25>        |   12.712|
B<3>           |res<26>        |   12.730|
B<3>           |res<27>        |   12.601|
B<3>           |res<28>        |   12.772|
B<3>           |res<29>        |   12.816|
B<3>           |res<30>        |   12.741|
B<3>           |res<31>        |   12.836|
B<3>           |zeroFlag       |    8.008|
B<4>           |res<0>         |   11.207|
B<4>           |res<1>         |   11.771|
B<4>           |res<2>         |   11.721|
B<4>           |res<3>         |   11.783|
B<4>           |res<4>         |   12.004|
B<4>           |res<5>         |   12.071|
B<4>           |res<6>         |   11.880|
B<4>           |res<7>         |   11.790|
B<4>           |res<8>         |   11.615|
B<4>           |res<9>         |   11.848|
B<4>           |res<10>        |   12.264|
B<4>           |res<11>        |   12.341|
B<4>           |res<12>        |   11.791|
B<4>           |res<13>        |   12.573|
B<4>           |res<14>        |   12.506|
B<4>           |res<15>        |   12.525|
B<4>           |res<16>        |   11.994|
B<4>           |res<17>        |   12.302|
B<4>           |res<18>        |   12.901|
B<4>           |res<19>        |   12.694|
B<4>           |res<20>        |   12.644|
B<4>           |res<21>        |   12.437|
B<4>           |res<22>        |   12.561|
B<4>           |res<23>        |   12.691|
B<4>           |res<24>        |   12.599|
B<4>           |res<25>        |   12.742|
B<4>           |res<26>        |   12.760|
B<4>           |res<27>        |   12.631|
B<4>           |res<28>        |   12.802|
B<4>           |res<29>        |   12.846|
B<4>           |res<30>        |   12.771|
B<4>           |res<31>        |   12.866|
B<4>           |zeroFlag       |    7.901|
B<5>           |res<0>         |   11.147|
B<5>           |res<1>         |   11.711|
B<5>           |res<2>         |   11.661|
B<5>           |res<3>         |   11.723|
B<5>           |res<4>         |   11.944|
B<5>           |res<5>         |   12.011|
B<5>           |res<6>         |   11.820|
B<5>           |res<7>         |   11.730|
B<5>           |res<8>         |   11.555|
B<5>           |res<9>         |   11.788|
B<5>           |res<10>        |   12.204|
B<5>           |res<11>        |   12.281|
B<5>           |res<12>        |   11.731|
B<5>           |res<13>        |   12.513|
B<5>           |res<14>        |   12.446|
B<5>           |res<15>        |   12.465|
B<5>           |res<16>        |   11.934|
B<5>           |res<17>        |   12.242|
B<5>           |res<18>        |   12.841|
B<5>           |res<19>        |   12.634|
B<5>           |res<20>        |   12.584|
B<5>           |res<21>        |   12.377|
B<5>           |res<22>        |   12.501|
B<5>           |res<23>        |   12.631|
B<5>           |res<24>        |   12.539|
B<5>           |res<25>        |   12.682|
B<5>           |res<26>        |   12.700|
B<5>           |res<27>        |   12.571|
B<5>           |res<28>        |   12.742|
B<5>           |res<29>        |   12.786|
B<5>           |res<30>        |   12.711|
B<5>           |res<31>        |   12.806|
B<5>           |zeroFlag       |    8.490|
B<6>           |res<0>         |   11.113|
B<6>           |res<1>         |   11.677|
B<6>           |res<2>         |   11.627|
B<6>           |res<3>         |   11.689|
B<6>           |res<4>         |   11.910|
B<6>           |res<5>         |   11.977|
B<6>           |res<6>         |   11.786|
B<6>           |res<7>         |   11.696|
B<6>           |res<8>         |   11.521|
B<6>           |res<9>         |   11.754|
B<6>           |res<10>        |   12.170|
B<6>           |res<11>        |   12.247|
B<6>           |res<12>        |   11.697|
B<6>           |res<13>        |   12.479|
B<6>           |res<14>        |   12.412|
B<6>           |res<15>        |   12.431|
B<6>           |res<16>        |   11.900|
B<6>           |res<17>        |   12.208|
B<6>           |res<18>        |   12.807|
B<6>           |res<19>        |   12.600|
B<6>           |res<20>        |   12.550|
B<6>           |res<21>        |   12.343|
B<6>           |res<22>        |   12.467|
B<6>           |res<23>        |   12.597|
B<6>           |res<24>        |   12.505|
B<6>           |res<25>        |   12.648|
B<6>           |res<26>        |   12.666|
B<6>           |res<27>        |   12.537|
B<6>           |res<28>        |   12.708|
B<6>           |res<29>        |   12.752|
B<6>           |res<30>        |   12.677|
B<6>           |res<31>        |   12.772|
B<6>           |zeroFlag       |    8.066|
B<7>           |res<0>         |   10.804|
B<7>           |res<1>         |   11.368|
B<7>           |res<2>         |   11.318|
B<7>           |res<3>         |   11.380|
B<7>           |res<4>         |   11.601|
B<7>           |res<5>         |   11.668|
B<7>           |res<6>         |   11.477|
B<7>           |res<7>         |   11.387|
B<7>           |res<8>         |   11.212|
B<7>           |res<9>         |   11.445|
B<7>           |res<10>        |   11.861|
B<7>           |res<11>        |   11.938|
B<7>           |res<12>        |   11.388|
B<7>           |res<13>        |   12.170|
B<7>           |res<14>        |   12.103|
B<7>           |res<15>        |   12.122|
B<7>           |res<16>        |   11.591|
B<7>           |res<17>        |   11.899|
B<7>           |res<18>        |   12.498|
B<7>           |res<19>        |   12.291|
B<7>           |res<20>        |   12.241|
B<7>           |res<21>        |   12.034|
B<7>           |res<22>        |   12.158|
B<7>           |res<23>        |   12.288|
B<7>           |res<24>        |   12.196|
B<7>           |res<25>        |   12.339|
B<7>           |res<26>        |   12.357|
B<7>           |res<27>        |   12.228|
B<7>           |res<28>        |   12.399|
B<7>           |res<29>        |   12.443|
B<7>           |res<30>        |   12.368|
B<7>           |res<31>        |   12.463|
B<7>           |zeroFlag       |    7.763|
B<8>           |res<0>         |   10.942|
B<8>           |res<1>         |   11.506|
B<8>           |res<2>         |   11.456|
B<8>           |res<3>         |   11.518|
B<8>           |res<4>         |   11.739|
B<8>           |res<5>         |   11.806|
B<8>           |res<6>         |   11.615|
B<8>           |res<7>         |   11.525|
B<8>           |res<8>         |   11.350|
B<8>           |res<9>         |   11.583|
B<8>           |res<10>        |   11.999|
B<8>           |res<11>        |   12.076|
B<8>           |res<12>        |   11.526|
B<8>           |res<13>        |   12.308|
B<8>           |res<14>        |   12.241|
B<8>           |res<15>        |   12.260|
B<8>           |res<16>        |   11.729|
B<8>           |res<17>        |   12.037|
B<8>           |res<18>        |   12.636|
B<8>           |res<19>        |   12.429|
B<8>           |res<20>        |   12.379|
B<8>           |res<21>        |   12.172|
B<8>           |res<22>        |   12.296|
B<8>           |res<23>        |   12.426|
B<8>           |res<24>        |   12.334|
B<8>           |res<25>        |   12.477|
B<8>           |res<26>        |   12.495|
B<8>           |res<27>        |   12.366|
B<8>           |res<28>        |   12.537|
B<8>           |res<29>        |   12.581|
B<8>           |res<30>        |   12.506|
B<8>           |res<31>        |   12.601|
B<8>           |zeroFlag       |    7.790|
B<9>           |res<0>         |   11.037|
B<9>           |res<1>         |   11.601|
B<9>           |res<2>         |   11.551|
B<9>           |res<3>         |   11.613|
B<9>           |res<4>         |   11.834|
B<9>           |res<5>         |   11.901|
B<9>           |res<6>         |   11.710|
B<9>           |res<7>         |   11.620|
B<9>           |res<8>         |   11.445|
B<9>           |res<9>         |   11.678|
B<9>           |res<10>        |   12.094|
B<9>           |res<11>        |   12.171|
B<9>           |res<12>        |   11.621|
B<9>           |res<13>        |   12.403|
B<9>           |res<14>        |   12.336|
B<9>           |res<15>        |   12.355|
B<9>           |res<16>        |   11.824|
B<9>           |res<17>        |   12.132|
B<9>           |res<18>        |   12.731|
B<9>           |res<19>        |   12.524|
B<9>           |res<20>        |   12.474|
B<9>           |res<21>        |   12.267|
B<9>           |res<22>        |   12.391|
B<9>           |res<23>        |   12.521|
B<9>           |res<24>        |   12.429|
B<9>           |res<25>        |   12.572|
B<9>           |res<26>        |   12.590|
B<9>           |res<27>        |   12.461|
B<9>           |res<28>        |   12.632|
B<9>           |res<29>        |   12.676|
B<9>           |res<30>        |   12.601|
B<9>           |res<31>        |   12.696|
B<9>           |zeroFlag       |    7.713|
B<10>          |res<0>         |   10.914|
B<10>          |res<1>         |   11.478|
B<10>          |res<2>         |   11.428|
B<10>          |res<3>         |   11.490|
B<10>          |res<4>         |   11.711|
B<10>          |res<5>         |   11.778|
B<10>          |res<6>         |   11.587|
B<10>          |res<7>         |   11.497|
B<10>          |res<8>         |   11.322|
B<10>          |res<9>         |   11.555|
B<10>          |res<10>        |   11.971|
B<10>          |res<11>        |   12.048|
B<10>          |res<12>        |   11.498|
B<10>          |res<13>        |   12.280|
B<10>          |res<14>        |   12.213|
B<10>          |res<15>        |   12.232|
B<10>          |res<16>        |   11.701|
B<10>          |res<17>        |   12.009|
B<10>          |res<18>        |   12.608|
B<10>          |res<19>        |   12.401|
B<10>          |res<20>        |   12.351|
B<10>          |res<21>        |   12.144|
B<10>          |res<22>        |   12.268|
B<10>          |res<23>        |   12.398|
B<10>          |res<24>        |   12.306|
B<10>          |res<25>        |   12.449|
B<10>          |res<26>        |   12.467|
B<10>          |res<27>        |   12.338|
B<10>          |res<28>        |   12.509|
B<10>          |res<29>        |   12.553|
B<10>          |res<30>        |   12.478|
B<10>          |res<31>        |   12.573|
B<10>          |zeroFlag       |    8.256|
B<11>          |res<0>         |   10.781|
B<11>          |res<1>         |   11.345|
B<11>          |res<2>         |   11.295|
B<11>          |res<3>         |   11.357|
B<11>          |res<4>         |   11.578|
B<11>          |res<5>         |   11.645|
B<11>          |res<6>         |   11.454|
B<11>          |res<7>         |   11.364|
B<11>          |res<8>         |   11.189|
B<11>          |res<9>         |   11.422|
B<11>          |res<10>        |   11.838|
B<11>          |res<11>        |   11.915|
B<11>          |res<12>        |   11.365|
B<11>          |res<13>        |   12.147|
B<11>          |res<14>        |   12.080|
B<11>          |res<15>        |   12.099|
B<11>          |res<16>        |   11.568|
B<11>          |res<17>        |   11.876|
B<11>          |res<18>        |   12.475|
B<11>          |res<19>        |   12.268|
B<11>          |res<20>        |   12.218|
B<11>          |res<21>        |   12.011|
B<11>          |res<22>        |   12.135|
B<11>          |res<23>        |   12.265|
B<11>          |res<24>        |   12.173|
B<11>          |res<25>        |   12.316|
B<11>          |res<26>        |   12.334|
B<11>          |res<27>        |   12.205|
B<11>          |res<28>        |   12.376|
B<11>          |res<29>        |   12.420|
B<11>          |res<30>        |   12.345|
B<11>          |res<31>        |   12.440|
B<11>          |zeroFlag       |    7.962|
B<12>          |res<0>         |   10.928|
B<12>          |res<1>         |   11.492|
B<12>          |res<2>         |   11.442|
B<12>          |res<3>         |   11.504|
B<12>          |res<4>         |   11.725|
B<12>          |res<5>         |   11.792|
B<12>          |res<6>         |   11.601|
B<12>          |res<7>         |   11.511|
B<12>          |res<8>         |   11.336|
B<12>          |res<9>         |   11.569|
B<12>          |res<10>        |   11.985|
B<12>          |res<11>        |   12.062|
B<12>          |res<12>        |   11.512|
B<12>          |res<13>        |   12.294|
B<12>          |res<14>        |   12.227|
B<12>          |res<15>        |   12.246|
B<12>          |res<16>        |   11.715|
B<12>          |res<17>        |   12.023|
B<12>          |res<18>        |   12.622|
B<12>          |res<19>        |   12.415|
B<12>          |res<20>        |   12.365|
B<12>          |res<21>        |   12.158|
B<12>          |res<22>        |   12.282|
B<12>          |res<23>        |   12.412|
B<12>          |res<24>        |   12.320|
B<12>          |res<25>        |   12.463|
B<12>          |res<26>        |   12.481|
B<12>          |res<27>        |   12.352|
B<12>          |res<28>        |   12.523|
B<12>          |res<29>        |   12.567|
B<12>          |res<30>        |   12.492|
B<12>          |res<31>        |   12.587|
B<12>          |zeroFlag       |    7.976|
B<13>          |res<0>         |   10.539|
B<13>          |res<1>         |   11.103|
B<13>          |res<2>         |   11.053|
B<13>          |res<3>         |   11.115|
B<13>          |res<4>         |   11.336|
B<13>          |res<5>         |   11.403|
B<13>          |res<6>         |   11.212|
B<13>          |res<7>         |   11.122|
B<13>          |res<8>         |   10.947|
B<13>          |res<9>         |   11.180|
B<13>          |res<10>        |   11.596|
B<13>          |res<11>        |   11.673|
B<13>          |res<12>        |   11.123|
B<13>          |res<13>        |   11.905|
B<13>          |res<14>        |   11.838|
B<13>          |res<15>        |   11.857|
B<13>          |res<16>        |   11.326|
B<13>          |res<17>        |   11.634|
B<13>          |res<18>        |   12.233|
B<13>          |res<19>        |   12.026|
B<13>          |res<20>        |   11.976|
B<13>          |res<21>        |   11.769|
B<13>          |res<22>        |   11.893|
B<13>          |res<23>        |   12.023|
B<13>          |res<24>        |   11.931|
B<13>          |res<25>        |   12.074|
B<13>          |res<26>        |   12.092|
B<13>          |res<27>        |   11.963|
B<13>          |res<28>        |   12.134|
B<13>          |res<29>        |   12.178|
B<13>          |res<30>        |   12.103|
B<13>          |res<31>        |   12.198|
B<13>          |zeroFlag       |    7.816|
B<14>          |res<0>         |   11.347|
B<14>          |res<1>         |   11.911|
B<14>          |res<2>         |   11.861|
B<14>          |res<3>         |   11.923|
B<14>          |res<4>         |   12.144|
B<14>          |res<5>         |   12.211|
B<14>          |res<6>         |   12.020|
B<14>          |res<7>         |   11.930|
B<14>          |res<8>         |   11.755|
B<14>          |res<9>         |   11.988|
B<14>          |res<10>        |   12.404|
B<14>          |res<11>        |   12.481|
B<14>          |res<12>        |   11.931|
B<14>          |res<13>        |   12.713|
B<14>          |res<14>        |   12.646|
B<14>          |res<15>        |   12.665|
B<14>          |res<16>        |   12.134|
B<14>          |res<17>        |   12.442|
B<14>          |res<18>        |   13.041|
B<14>          |res<19>        |   12.834|
B<14>          |res<20>        |   12.784|
B<14>          |res<21>        |   12.577|
B<14>          |res<22>        |   12.701|
B<14>          |res<23>        |   12.831|
B<14>          |res<24>        |   12.739|
B<14>          |res<25>        |   12.882|
B<14>          |res<26>        |   12.900|
B<14>          |res<27>        |   12.771|
B<14>          |res<28>        |   12.942|
B<14>          |res<29>        |   12.986|
B<14>          |res<30>        |   12.911|
B<14>          |res<31>        |   13.006|
B<14>          |zeroFlag       |    8.215|
B<15>          |res<0>         |   11.274|
B<15>          |res<1>         |   11.838|
B<15>          |res<2>         |   11.788|
B<15>          |res<3>         |   11.850|
B<15>          |res<4>         |   12.071|
B<15>          |res<5>         |   12.138|
B<15>          |res<6>         |   11.947|
B<15>          |res<7>         |   11.857|
B<15>          |res<8>         |   11.682|
B<15>          |res<9>         |   11.915|
B<15>          |res<10>        |   12.331|
B<15>          |res<11>        |   12.408|
B<15>          |res<12>        |   11.858|
B<15>          |res<13>        |   12.640|
B<15>          |res<14>        |   12.573|
B<15>          |res<15>        |   12.592|
B<15>          |res<16>        |   12.061|
B<15>          |res<17>        |   12.369|
B<15>          |res<18>        |   12.968|
B<15>          |res<19>        |   12.761|
B<15>          |res<20>        |   12.711|
B<15>          |res<21>        |   12.504|
B<15>          |res<22>        |   12.628|
B<15>          |res<23>        |   12.758|
B<15>          |res<24>        |   12.666|
B<15>          |res<25>        |   12.809|
B<15>          |res<26>        |   12.827|
B<15>          |res<27>        |   12.698|
B<15>          |res<28>        |   12.869|
B<15>          |res<29>        |   12.913|
B<15>          |res<30>        |   12.838|
B<15>          |res<31>        |   12.933|
B<15>          |zeroFlag       |    8.717|
B<16>          |res<0>         |   11.034|
B<16>          |res<1>         |   11.598|
B<16>          |res<2>         |   11.548|
B<16>          |res<3>         |   11.610|
B<16>          |res<4>         |   11.831|
B<16>          |res<5>         |   11.898|
B<16>          |res<6>         |   11.707|
B<16>          |res<7>         |   11.617|
B<16>          |res<8>         |   11.442|
B<16>          |res<9>         |   11.675|
B<16>          |res<10>        |   12.091|
B<16>          |res<11>        |   12.168|
B<16>          |res<12>        |   11.618|
B<16>          |res<13>        |   12.400|
B<16>          |res<14>        |   12.333|
B<16>          |res<15>        |   12.352|
B<16>          |res<16>        |   11.821|
B<16>          |res<17>        |   12.129|
B<16>          |res<18>        |   12.728|
B<16>          |res<19>        |   12.521|
B<16>          |res<20>        |   12.471|
B<16>          |res<21>        |   12.264|
B<16>          |res<22>        |   12.388|
B<16>          |res<23>        |   12.518|
B<16>          |res<24>        |   12.426|
B<16>          |res<25>        |   12.569|
B<16>          |res<26>        |   12.587|
B<16>          |res<27>        |   12.458|
B<16>          |res<28>        |   12.629|
B<16>          |res<29>        |   12.673|
B<16>          |res<30>        |   12.598|
B<16>          |res<31>        |   12.693|
B<16>          |zeroFlag       |    8.131|
B<17>          |res<0>         |   11.453|
B<17>          |res<1>         |   12.017|
B<17>          |res<2>         |   11.967|
B<17>          |res<3>         |   12.029|
B<17>          |res<4>         |   12.250|
B<17>          |res<5>         |   12.317|
B<17>          |res<6>         |   12.126|
B<17>          |res<7>         |   12.036|
B<17>          |res<8>         |   11.861|
B<17>          |res<9>         |   12.094|
B<17>          |res<10>        |   12.510|
B<17>          |res<11>        |   12.587|
B<17>          |res<12>        |   12.037|
B<17>          |res<13>        |   12.819|
B<17>          |res<14>        |   12.752|
B<17>          |res<15>        |   12.771|
B<17>          |res<16>        |   12.240|
B<17>          |res<17>        |   12.548|
B<17>          |res<18>        |   13.147|
B<17>          |res<19>        |   12.940|
B<17>          |res<20>        |   12.890|
B<17>          |res<21>        |   12.683|
B<17>          |res<22>        |   12.807|
B<17>          |res<23>        |   12.937|
B<17>          |res<24>        |   12.845|
B<17>          |res<25>        |   12.988|
B<17>          |res<26>        |   13.006|
B<17>          |res<27>        |   12.877|
B<17>          |res<28>        |   13.048|
B<17>          |res<29>        |   13.092|
B<17>          |res<30>        |   13.017|
B<17>          |res<31>        |   13.112|
B<17>          |zeroFlag       |    8.623|
B<18>          |res<0>         |   10.719|
B<18>          |res<1>         |   11.283|
B<18>          |res<2>         |   11.233|
B<18>          |res<3>         |   11.295|
B<18>          |res<4>         |   11.516|
B<18>          |res<5>         |   11.583|
B<18>          |res<6>         |   11.392|
B<18>          |res<7>         |   11.302|
B<18>          |res<8>         |   11.127|
B<18>          |res<9>         |   11.360|
B<18>          |res<10>        |   11.776|
B<18>          |res<11>        |   11.853|
B<18>          |res<12>        |   11.303|
B<18>          |res<13>        |   12.085|
B<18>          |res<14>        |   12.018|
B<18>          |res<15>        |   12.037|
B<18>          |res<16>        |   11.506|
B<18>          |res<17>        |   11.814|
B<18>          |res<18>        |   12.413|
B<18>          |res<19>        |   12.206|
B<18>          |res<20>        |   12.156|
B<18>          |res<21>        |   11.949|
B<18>          |res<22>        |   12.073|
B<18>          |res<23>        |   12.203|
B<18>          |res<24>        |   12.111|
B<18>          |res<25>        |   12.254|
B<18>          |res<26>        |   12.272|
B<18>          |res<27>        |   12.143|
B<18>          |res<28>        |   12.314|
B<18>          |res<29>        |   12.358|
B<18>          |res<30>        |   12.283|
B<18>          |res<31>        |   12.378|
B<18>          |zeroFlag       |    7.625|
B<19>          |res<0>         |   10.583|
B<19>          |res<1>         |   11.147|
B<19>          |res<2>         |   11.097|
B<19>          |res<3>         |   11.159|
B<19>          |res<4>         |   11.380|
B<19>          |res<5>         |   11.447|
B<19>          |res<6>         |   11.256|
B<19>          |res<7>         |   11.166|
B<19>          |res<8>         |   10.991|
B<19>          |res<9>         |   11.224|
B<19>          |res<10>        |   11.640|
B<19>          |res<11>        |   11.717|
B<19>          |res<12>        |   11.167|
B<19>          |res<13>        |   11.949|
B<19>          |res<14>        |   11.882|
B<19>          |res<15>        |   11.901|
B<19>          |res<16>        |   11.370|
B<19>          |res<17>        |   11.678|
B<19>          |res<18>        |   12.277|
B<19>          |res<19>        |   12.070|
B<19>          |res<20>        |   12.020|
B<19>          |res<21>        |   11.813|
B<19>          |res<22>        |   11.937|
B<19>          |res<23>        |   12.067|
B<19>          |res<24>        |   11.975|
B<19>          |res<25>        |   12.118|
B<19>          |res<26>        |   12.136|
B<19>          |res<27>        |   12.007|
B<19>          |res<28>        |   12.178|
B<19>          |res<29>        |   12.222|
B<19>          |res<30>        |   12.147|
B<19>          |res<31>        |   12.242|
B<19>          |zeroFlag       |    7.581|
B<20>          |res<0>         |   10.465|
B<20>          |res<1>         |   11.029|
B<20>          |res<2>         |   10.979|
B<20>          |res<3>         |   11.041|
B<20>          |res<4>         |   11.262|
B<20>          |res<5>         |   11.329|
B<20>          |res<6>         |   11.138|
B<20>          |res<7>         |   11.048|
B<20>          |res<8>         |   10.873|
B<20>          |res<9>         |   11.106|
B<20>          |res<10>        |   11.522|
B<20>          |res<11>        |   11.599|
B<20>          |res<12>        |   11.049|
B<20>          |res<13>        |   11.831|
B<20>          |res<14>        |   11.764|
B<20>          |res<15>        |   11.783|
B<20>          |res<16>        |   11.252|
B<20>          |res<17>        |   11.560|
B<20>          |res<18>        |   12.159|
B<20>          |res<19>        |   11.952|
B<20>          |res<20>        |   11.902|
B<20>          |res<21>        |   11.695|
B<20>          |res<22>        |   11.819|
B<20>          |res<23>        |   11.949|
B<20>          |res<24>        |   11.857|
B<20>          |res<25>        |   12.000|
B<20>          |res<26>        |   12.018|
B<20>          |res<27>        |   11.889|
B<20>          |res<28>        |   12.060|
B<20>          |res<29>        |   12.104|
B<20>          |res<30>        |   12.029|
B<20>          |res<31>        |   12.124|
B<20>          |zeroFlag       |    7.839|
B<21>          |res<0>         |   10.255|
B<21>          |res<1>         |   10.819|
B<21>          |res<2>         |   10.769|
B<21>          |res<3>         |   10.831|
B<21>          |res<4>         |   11.052|
B<21>          |res<5>         |   11.119|
B<21>          |res<6>         |   10.928|
B<21>          |res<7>         |   10.838|
B<21>          |res<8>         |   10.663|
B<21>          |res<9>         |   10.896|
B<21>          |res<10>        |   11.312|
B<21>          |res<11>        |   11.389|
B<21>          |res<12>        |   10.839|
B<21>          |res<13>        |   11.621|
B<21>          |res<14>        |   11.554|
B<21>          |res<15>        |   11.573|
B<21>          |res<16>        |   11.042|
B<21>          |res<17>        |   11.350|
B<21>          |res<18>        |   11.949|
B<21>          |res<19>        |   11.742|
B<21>          |res<20>        |   11.692|
B<21>          |res<21>        |   11.485|
B<21>          |res<22>        |   11.609|
B<21>          |res<23>        |   11.739|
B<21>          |res<24>        |   11.647|
B<21>          |res<25>        |   11.790|
B<21>          |res<26>        |   11.808|
B<21>          |res<27>        |   11.679|
B<21>          |res<28>        |   11.850|
B<21>          |res<29>        |   11.894|
B<21>          |res<30>        |   11.819|
B<21>          |res<31>        |   11.914|
B<21>          |zeroFlag       |    7.596|
B<22>          |res<0>         |   10.184|
B<22>          |res<1>         |   10.748|
B<22>          |res<2>         |   10.698|
B<22>          |res<3>         |   10.760|
B<22>          |res<4>         |   10.981|
B<22>          |res<5>         |   11.048|
B<22>          |res<6>         |   10.857|
B<22>          |res<7>         |   10.767|
B<22>          |res<8>         |   10.592|
B<22>          |res<9>         |   10.825|
B<22>          |res<10>        |   11.241|
B<22>          |res<11>        |   11.318|
B<22>          |res<12>        |   10.768|
B<22>          |res<13>        |   11.550|
B<22>          |res<14>        |   11.483|
B<22>          |res<15>        |   11.502|
B<22>          |res<16>        |   10.971|
B<22>          |res<17>        |   11.279|
B<22>          |res<18>        |   11.878|
B<22>          |res<19>        |   11.671|
B<22>          |res<20>        |   11.621|
B<22>          |res<21>        |   11.414|
B<22>          |res<22>        |   11.538|
B<22>          |res<23>        |   11.668|
B<22>          |res<24>        |   11.576|
B<22>          |res<25>        |   11.719|
B<22>          |res<26>        |   11.737|
B<22>          |res<27>        |   11.608|
B<22>          |res<28>        |   11.779|
B<22>          |res<29>        |   11.823|
B<22>          |res<30>        |   11.748|
B<22>          |res<31>        |   11.843|
B<22>          |zeroFlag       |    7.238|
B<23>          |res<0>         |   10.458|
B<23>          |res<1>         |   11.022|
B<23>          |res<2>         |   10.972|
B<23>          |res<3>         |   11.034|
B<23>          |res<4>         |   11.255|
B<23>          |res<5>         |   11.322|
B<23>          |res<6>         |   11.131|
B<23>          |res<7>         |   11.041|
B<23>          |res<8>         |   10.866|
B<23>          |res<9>         |   11.099|
B<23>          |res<10>        |   11.515|
B<23>          |res<11>        |   11.592|
B<23>          |res<12>        |   11.042|
B<23>          |res<13>        |   11.824|
B<23>          |res<14>        |   11.757|
B<23>          |res<15>        |   11.776|
B<23>          |res<16>        |   11.245|
B<23>          |res<17>        |   11.553|
B<23>          |res<18>        |   12.152|
B<23>          |res<19>        |   11.945|
B<23>          |res<20>        |   11.895|
B<23>          |res<21>        |   11.688|
B<23>          |res<22>        |   11.812|
B<23>          |res<23>        |   11.942|
B<23>          |res<24>        |   11.850|
B<23>          |res<25>        |   11.993|
B<23>          |res<26>        |   12.011|
B<23>          |res<27>        |   11.882|
B<23>          |res<28>        |   12.053|
B<23>          |res<29>        |   12.097|
B<23>          |res<30>        |   12.022|
B<23>          |res<31>        |   12.117|
B<23>          |zeroFlag       |    7.610|
B<24>          |res<0>         |   10.438|
B<24>          |res<1>         |   11.002|
B<24>          |res<2>         |   10.952|
B<24>          |res<3>         |   11.014|
B<24>          |res<4>         |   11.235|
B<24>          |res<5>         |   11.302|
B<24>          |res<6>         |   11.111|
B<24>          |res<7>         |   11.021|
B<24>          |res<8>         |   10.846|
B<24>          |res<9>         |   11.079|
B<24>          |res<10>        |   11.495|
B<24>          |res<11>        |   11.572|
B<24>          |res<12>        |   11.022|
B<24>          |res<13>        |   11.804|
B<24>          |res<14>        |   11.737|
B<24>          |res<15>        |   11.756|
B<24>          |res<16>        |   11.225|
B<24>          |res<17>        |   11.533|
B<24>          |res<18>        |   12.132|
B<24>          |res<19>        |   11.925|
B<24>          |res<20>        |   11.875|
B<24>          |res<21>        |   11.668|
B<24>          |res<22>        |   11.792|
B<24>          |res<23>        |   11.922|
B<24>          |res<24>        |   11.830|
B<24>          |res<25>        |   11.973|
B<24>          |res<26>        |   11.991|
B<24>          |res<27>        |   11.862|
B<24>          |res<28>        |   12.033|
B<24>          |res<29>        |   12.077|
B<24>          |res<30>        |   12.002|
B<24>          |res<31>        |   12.097|
B<24>          |zeroFlag       |    7.577|
B<25>          |res<0>         |   10.282|
B<25>          |res<1>         |   10.846|
B<25>          |res<2>         |   10.796|
B<25>          |res<3>         |   10.858|
B<25>          |res<4>         |   11.079|
B<25>          |res<5>         |   11.146|
B<25>          |res<6>         |   10.955|
B<25>          |res<7>         |   10.865|
B<25>          |res<8>         |   10.690|
B<25>          |res<9>         |   10.923|
B<25>          |res<10>        |   11.339|
B<25>          |res<11>        |   11.416|
B<25>          |res<12>        |   10.866|
B<25>          |res<13>        |   11.648|
B<25>          |res<14>        |   11.581|
B<25>          |res<15>        |   11.600|
B<25>          |res<16>        |   11.069|
B<25>          |res<17>        |   11.377|
B<25>          |res<18>        |   11.976|
B<25>          |res<19>        |   11.769|
B<25>          |res<20>        |   11.719|
B<25>          |res<21>        |   11.512|
B<25>          |res<22>        |   11.636|
B<25>          |res<23>        |   11.766|
B<25>          |res<24>        |   11.674|
B<25>          |res<25>        |   11.817|
B<25>          |res<26>        |   11.835|
B<25>          |res<27>        |   11.706|
B<25>          |res<28>        |   11.877|
B<25>          |res<29>        |   11.921|
B<25>          |res<30>        |   11.846|
B<25>          |res<31>        |   11.941|
B<25>          |zeroFlag       |    7.604|
B<26>          |res<0>         |   10.138|
B<26>          |res<1>         |   10.702|
B<26>          |res<2>         |   10.652|
B<26>          |res<3>         |   10.714|
B<26>          |res<4>         |   10.935|
B<26>          |res<5>         |   11.002|
B<26>          |res<6>         |   10.811|
B<26>          |res<7>         |   10.721|
B<26>          |res<8>         |   10.546|
B<26>          |res<9>         |   10.779|
B<26>          |res<10>        |   11.195|
B<26>          |res<11>        |   11.272|
B<26>          |res<12>        |   10.722|
B<26>          |res<13>        |   11.504|
B<26>          |res<14>        |   11.437|
B<26>          |res<15>        |   11.456|
B<26>          |res<16>        |   10.925|
B<26>          |res<17>        |   11.233|
B<26>          |res<18>        |   11.832|
B<26>          |res<19>        |   11.625|
B<26>          |res<20>        |   11.575|
B<26>          |res<21>        |   11.368|
B<26>          |res<22>        |   11.492|
B<26>          |res<23>        |   11.622|
B<26>          |res<24>        |   11.530|
B<26>          |res<25>        |   11.673|
B<26>          |res<26>        |   11.691|
B<26>          |res<27>        |   11.562|
B<26>          |res<28>        |   11.733|
B<26>          |res<29>        |   11.777|
B<26>          |res<30>        |   11.702|
B<26>          |res<31>        |   11.797|
B<26>          |zeroFlag       |    7.246|
B<27>          |res<0>         |   10.362|
B<27>          |res<1>         |   10.926|
B<27>          |res<2>         |   10.876|
B<27>          |res<3>         |   10.938|
B<27>          |res<4>         |   11.159|
B<27>          |res<5>         |   11.226|
B<27>          |res<6>         |   11.035|
B<27>          |res<7>         |   10.945|
B<27>          |res<8>         |   10.770|
B<27>          |res<9>         |   11.003|
B<27>          |res<10>        |   11.419|
B<27>          |res<11>        |   11.496|
B<27>          |res<12>        |   10.946|
B<27>          |res<13>        |   11.728|
B<27>          |res<14>        |   11.661|
B<27>          |res<15>        |   11.680|
B<27>          |res<16>        |   11.149|
B<27>          |res<17>        |   11.457|
B<27>          |res<18>        |   12.056|
B<27>          |res<19>        |   11.849|
B<27>          |res<20>        |   11.799|
B<27>          |res<21>        |   11.592|
B<27>          |res<22>        |   11.716|
B<27>          |res<23>        |   11.846|
B<27>          |res<24>        |   11.754|
B<27>          |res<25>        |   11.897|
B<27>          |res<26>        |   11.915|
B<27>          |res<27>        |   11.786|
B<27>          |res<28>        |   11.957|
B<27>          |res<29>        |   12.001|
B<27>          |res<30>        |   11.926|
B<27>          |res<31>        |   12.021|
B<27>          |zeroFlag       |    7.499|
B<28>          |res<0>         |   10.396|
B<28>          |res<1>         |   10.960|
B<28>          |res<2>         |   10.910|
B<28>          |res<3>         |   10.972|
B<28>          |res<4>         |   11.193|
B<28>          |res<5>         |   11.260|
B<28>          |res<6>         |   11.069|
B<28>          |res<7>         |   10.979|
B<28>          |res<8>         |   10.804|
B<28>          |res<9>         |   11.037|
B<28>          |res<10>        |   11.453|
B<28>          |res<11>        |   11.530|
B<28>          |res<12>        |   10.980|
B<28>          |res<13>        |   11.762|
B<28>          |res<14>        |   11.695|
B<28>          |res<15>        |   11.714|
B<28>          |res<16>        |   11.183|
B<28>          |res<17>        |   11.491|
B<28>          |res<18>        |   12.090|
B<28>          |res<19>        |   11.883|
B<28>          |res<20>        |   11.833|
B<28>          |res<21>        |   11.626|
B<28>          |res<22>        |   11.750|
B<28>          |res<23>        |   11.880|
B<28>          |res<24>        |   11.788|
B<28>          |res<25>        |   11.931|
B<28>          |res<26>        |   11.949|
B<28>          |res<27>        |   11.820|
B<28>          |res<28>        |   11.991|
B<28>          |res<29>        |   12.035|
B<28>          |res<30>        |   11.960|
B<28>          |res<31>        |   12.055|
B<28>          |zeroFlag       |    7.417|
B<29>          |res<0>         |   10.411|
B<29>          |res<1>         |   10.975|
B<29>          |res<2>         |   10.925|
B<29>          |res<3>         |   10.987|
B<29>          |res<4>         |   11.208|
B<29>          |res<5>         |   11.275|
B<29>          |res<6>         |   11.084|
B<29>          |res<7>         |   10.994|
B<29>          |res<8>         |   10.819|
B<29>          |res<9>         |   11.052|
B<29>          |res<10>        |   11.468|
B<29>          |res<11>        |   11.545|
B<29>          |res<12>        |   10.995|
B<29>          |res<13>        |   11.777|
B<29>          |res<14>        |   11.710|
B<29>          |res<15>        |   11.729|
B<29>          |res<16>        |   11.198|
B<29>          |res<17>        |   11.506|
B<29>          |res<18>        |   12.105|
B<29>          |res<19>        |   11.898|
B<29>          |res<20>        |   11.848|
B<29>          |res<21>        |   11.641|
B<29>          |res<22>        |   11.765|
B<29>          |res<23>        |   11.895|
B<29>          |res<24>        |   11.803|
B<29>          |res<25>        |   11.946|
B<29>          |res<26>        |   11.964|
B<29>          |res<27>        |   11.835|
B<29>          |res<28>        |   12.006|
B<29>          |res<29>        |   12.050|
B<29>          |res<30>        |   11.975|
B<29>          |res<31>        |   12.070|
B<29>          |zeroFlag       |    7.358|
B<30>          |res<0>         |    8.803|
B<30>          |res<1>         |    9.367|
B<30>          |res<2>         |    9.317|
B<30>          |res<3>         |    9.379|
B<30>          |res<4>         |    9.600|
B<30>          |res<5>         |    9.667|
B<30>          |res<6>         |    9.476|
B<30>          |res<7>         |    9.386|
B<30>          |res<8>         |    9.211|
B<30>          |res<9>         |    9.444|
B<30>          |res<10>        |    9.860|
B<30>          |res<11>        |    9.937|
B<30>          |res<12>        |    9.387|
B<30>          |res<13>        |   10.169|
B<30>          |res<14>        |   10.102|
B<30>          |res<15>        |   10.121|
B<30>          |res<16>        |    9.590|
B<30>          |res<17>        |    9.898|
B<30>          |res<18>        |   10.497|
B<30>          |res<19>        |   10.290|
B<30>          |res<20>        |   10.240|
B<30>          |res<21>        |   10.033|
B<30>          |res<22>        |   10.157|
B<30>          |res<23>        |   10.287|
B<30>          |res<24>        |   10.195|
B<30>          |res<25>        |   10.338|
B<30>          |res<26>        |   10.356|
B<30>          |res<27>        |   10.227|
B<30>          |res<28>        |   10.398|
B<30>          |res<29>        |   10.442|
B<30>          |res<30>        |   10.367|
B<30>          |res<31>        |   10.462|
B<30>          |zeroFlag       |    7.577|
B<31>          |res<0>         |    9.027|
B<31>          |res<1>         |    9.591|
B<31>          |res<2>         |    9.541|
B<31>          |res<3>         |    9.603|
B<31>          |res<4>         |    9.824|
B<31>          |res<5>         |    9.891|
B<31>          |res<6>         |    9.700|
B<31>          |res<7>         |    9.610|
B<31>          |res<8>         |    9.435|
B<31>          |res<9>         |    9.668|
B<31>          |res<10>        |   10.084|
B<31>          |res<11>        |   10.161|
B<31>          |res<12>        |    9.611|
B<31>          |res<13>        |   10.393|
B<31>          |res<14>        |   10.326|
B<31>          |res<15>        |   10.345|
B<31>          |res<16>        |    9.814|
B<31>          |res<17>        |   10.122|
B<31>          |res<18>        |   10.721|
B<31>          |res<19>        |   10.514|
B<31>          |res<20>        |   10.464|
B<31>          |res<21>        |   10.257|
B<31>          |res<22>        |   10.381|
B<31>          |res<23>        |   10.511|
B<31>          |res<24>        |   10.419|
B<31>          |res<25>        |   10.562|
B<31>          |res<26>        |   10.580|
B<31>          |res<27>        |   10.451|
B<31>          |res<28>        |   10.622|
B<31>          |res<29>        |   10.666|
B<31>          |res<30>        |   10.591|
B<31>          |res<31>        |   10.686|
B<31>          |zeroFlag       |    7.457|
op<0>          |res<0>         |    9.147|
op<0>          |res<1>         |    9.796|
op<0>          |res<2>         |    9.746|
op<0>          |res<3>         |    9.808|
op<0>          |res<4>         |   10.029|
op<0>          |res<5>         |   10.096|
op<0>          |res<6>         |    9.905|
op<0>          |res<7>         |    9.815|
op<0>          |res<8>         |    9.640|
op<0>          |res<9>         |    9.873|
op<0>          |res<10>        |   10.289|
op<0>          |res<11>        |   10.366|
op<0>          |res<12>        |    9.816|
op<0>          |res<13>        |   10.598|
op<0>          |res<14>        |   10.531|
op<0>          |res<15>        |   10.550|
op<0>          |res<16>        |   10.019|
op<0>          |res<17>        |   10.327|
op<0>          |res<18>        |   10.926|
op<0>          |res<19>        |   10.719|
op<0>          |res<20>        |   10.669|
op<0>          |res<21>        |   10.462|
op<0>          |res<22>        |   10.586|
op<0>          |res<23>        |   10.716|
op<0>          |res<24>        |   10.624|
op<0>          |res<25>        |   10.767|
op<0>          |res<26>        |   10.785|
op<0>          |res<27>        |   10.656|
op<0>          |res<28>        |   10.827|
op<0>          |res<29>        |   10.871|
op<0>          |res<30>        |   10.796|
op<0>          |res<31>        |   10.891|
op<1>          |res<0>         |    8.746|
op<1>          |res<1>         |    9.281|
op<1>          |res<2>         |    9.231|
op<1>          |res<3>         |    9.293|
op<1>          |res<4>         |    9.514|
op<1>          |res<5>         |    9.581|
op<1>          |res<6>         |    9.390|
op<1>          |res<7>         |    9.300|
op<1>          |res<8>         |    9.125|
op<1>          |res<9>         |    9.358|
op<1>          |res<10>        |    9.774|
op<1>          |res<11>        |    9.851|
op<1>          |res<12>        |    9.301|
op<1>          |res<13>        |   10.083|
op<1>          |res<14>        |   10.016|
op<1>          |res<15>        |   10.035|
op<1>          |res<16>        |    9.504|
op<1>          |res<17>        |    9.812|
op<1>          |res<18>        |   10.411|
op<1>          |res<19>        |   10.204|
op<1>          |res<20>        |   10.154|
op<1>          |res<21>        |    9.947|
op<1>          |res<22>        |   10.071|
op<1>          |res<23>        |   10.201|
op<1>          |res<24>        |   10.109|
op<1>          |res<25>        |   10.252|
op<1>          |res<26>        |   10.270|
op<1>          |res<27>        |   10.141|
op<1>          |res<28>        |   10.312|
op<1>          |res<29>        |   10.356|
op<1>          |res<30>        |   10.281|
op<1>          |res<31>        |   10.376|
op<2>          |res<0>         |    9.072|
op<2>          |res<1>         |    9.497|
op<2>          |res<2>         |    9.447|
op<2>          |res<3>         |    9.509|
op<2>          |res<4>         |    9.730|
op<2>          |res<5>         |    9.797|
op<2>          |res<6>         |    9.606|
op<2>          |res<7>         |    9.516|
op<2>          |res<8>         |    9.341|
op<2>          |res<9>         |    9.574|
op<2>          |res<10>        |    9.990|
op<2>          |res<11>        |   10.067|
op<2>          |res<12>        |    9.517|
op<2>          |res<13>        |   10.299|
op<2>          |res<14>        |   10.232|
op<2>          |res<15>        |   10.251|
op<2>          |res<16>        |    9.720|
op<2>          |res<17>        |   10.028|
op<2>          |res<18>        |   10.627|
op<2>          |res<19>        |   10.420|
op<2>          |res<20>        |   10.370|
op<2>          |res<21>        |   10.163|
op<2>          |res<22>        |   10.287|
op<2>          |res<23>        |   10.417|
op<2>          |res<24>        |   10.325|
op<2>          |res<25>        |   10.468|
op<2>          |res<26>        |   10.486|
op<2>          |res<27>        |   10.357|
op<2>          |res<28>        |   10.528|
op<2>          |res<29>        |   10.572|
op<2>          |res<30>        |   10.497|
op<2>          |res<31>        |   10.592|
op<3>          |res<0>         |    8.036|
op<3>          |res<1>         |    8.645|
op<3>          |res<2>         |    8.890|
op<3>          |res<3>         |    8.624|
op<3>          |res<4>         |    8.889|
op<3>          |res<5>         |    8.665|
op<3>          |res<6>         |    8.928|
op<3>          |res<7>         |    8.691|
op<3>          |res<8>         |    8.567|
op<3>          |res<9>         |    8.139|
op<3>          |res<10>        |    8.890|
op<3>          |res<11>        |    8.526|
op<3>          |res<12>        |    8.359|
op<3>          |res<13>        |    8.779|
op<3>          |res<14>        |    9.385|
op<3>          |res<15>        |    9.239|
op<3>          |res<16>        |    9.092|
op<3>          |res<17>        |    8.805|
op<3>          |res<18>        |    9.315|
op<3>          |res<19>        |    9.049|
op<3>          |res<20>        |    9.282|
op<3>          |res<21>        |    8.742|
op<3>          |res<22>        |    9.294|
op<3>          |res<23>        |    9.090|
op<3>          |res<24>        |    9.259|
op<3>          |res<25>        |    9.123|
op<3>          |res<26>        |    9.183|
op<3>          |res<27>        |    9.017|
op<3>          |res<28>        |    9.535|
op<3>          |res<29>        |    9.044|
op<3>          |res<30>        |    8.849|
op<3>          |res<31>        |    9.266|
---------------+---------------+---------+


Analysis completed Mon Mar 07 13:33:27 2022 
--------------------------------------------------------------------------------

Trace Settings:
-------------------------
Trace Settings 

Peak Memory Usage: 5004 MB



