Release 14.7 - xst P.20131013 (nt64)
Copyright (c) 1995-2013 Xilinx, Inc.  All rights reserved.
--> Parameter TMPDIR set to xst/projnav.tmp


Total REAL time to Xst completion: 0.00 secs
Total CPU time to Xst completion: 0.08 secs
 
--> Parameter xsthdpdir set to xst


Total REAL time to Xst completion: 0.00 secs
Total CPU time to Xst completion: 0.08 secs
 
--> Reading design: Proccessor_LM_19101664.prj

TABLE OF CONTENTS
  1) Synthesis Options Summary
  2) HDL Parsing
  3) HDL Elaboration
  4) HDL Synthesis
       4.1) HDL Synthesis Report
  5) Advanced HDL Synthesis
       5.1) Advanced HDL Synthesis Report
  6) Low Level Synthesis
  7) Partition Report
  8) Design Summary
       8.1) Primitive and Black Box Usage
       8.2) Device utilization summary
       8.3) Partition Resource Summary
       8.4) Timing Report
            8.4.1) Clock Information
            8.4.2) Asynchronous Control Signals Information
            8.4.3) Timing Summary
            8.4.4) Timing Details
            8.4.5) Cross Clock Domains Report


=========================================================================
*                      Synthesis Options Summary                        *
=========================================================================
---- Source Parameters
Input File Name                    : "Proccessor_LM_19101664.prj"
Ignore Synthesis Constraint File   : NO

---- Target Parameters
Output File Name                   : "Proccessor_LM_19101664"
Output Format                      : NGC
Target Device                      : xc7a100t-3-csg324

---- Source Options
Top Module Name                    : Proccessor_LM_19101664
Automatic FSM Extraction           : YES
FSM Encoding Algorithm             : Auto
Safe Implementation                : No
FSM Style                          : LUT
RAM Extraction                     : Yes
RAM Style                          : Auto
ROM Extraction                     : Yes
Shift Register Extraction          : YES
ROM Style                          : Auto
Resource Sharing                   : YES
Asynchronous To Synchronous        : NO
Shift Register Minimum Size        : 2
Use DSP Block                      : Auto
Automatic Register Balancing       : No

---- Target Options
LUT Combining                      : Auto
Reduce Control Sets                : Auto
Add IO Buffers                     : YES
Global Maximum Fanout              : 100000
Add Generic Clock Buffer(BUFG)     : 32
Register Duplication               : YES
Optimize Instantiated Primitives   : NO
Use Clock Enable                   : Auto
Use Synchronous Set                : Auto
Use Synchronous Reset              : Auto
Pack IO Registers into IOBs        : Auto
Equivalent register Removal        : YES

---- General Options
Optimization Goal                  : Speed
Optimization Effort                : 1
Power Reduction                    : NO
Keep Hierarchy                     : No
Netlist Hierarchy                  : As_Optimized
RTL Output                         : Yes
Global Optimization                : AllClockNets
Read Cores                         : YES
Write Timing Constraints           : NO
Cross Clock Analysis               : NO
Hierarchy Separator                : /
Bus Delimiter                      : <>
Case Specifier                     : Maintain
Slice Utilization Ratio            : 100
BRAM Utilization Ratio             : 100
DSP48 Utilization Ratio            : 100
Auto BRAM Packing                  : NO
Slice Utilization Ratio Delta      : 5

=========================================================================


=========================================================================
*                          HDL Parsing                                  *
=========================================================================
Parsing VHDL file "C:\AAST\Term 6\Computer Architechture\Lab\MIPS_SINGLE_CYCLE_LM_19101664\SignExtend_LM_19101664.vhd" into library work
Parsing entity <SignExtend_LM_19101664>.
Parsing architecture <Behavioral> of entity <signextend_lm_19101664>.
Parsing VHDL file "C:\AAST\Term 6\Computer Architechture\Lab\MIPS_SINGLE_CYCLE_LM_19101664\ShiftLeft_LM_19101664.vhd" into library work
Parsing entity <ShiftLeft_LM_19101664>.
Parsing architecture <Behavioral> of entity <shiftleft_lm_19101664>.
Parsing VHDL file "C:\AAST\Term 6\Computer Architechture\Lab\MIPS_SINGLE_CYCLE_LM_19101664\RegisterFile_LM_19101664.vhd" into library work
Parsing entity <RegisterFile_LM_19101664>.
Parsing architecture <Behavioral> of entity <registerfile_lm_19101664>.
Parsing VHDL file "C:\AAST\Term 6\Computer Architechture\Lab\MIPS_SINGLE_CYCLE_LM_19101664\PC202_LM_19101664.vhd" into library work
Parsing entity <PC202_LM_19101664>.
Parsing architecture <Behavioral> of entity <pc202_lm_19101664>.
Parsing VHDL file "C:\AAST\Term 6\Computer Architechture\Lab\MIPS_SINGLE_CYCLE_LM_19101664\Mux5_LM_19101664.vhd" into library work
Parsing entity <Mux5_LM_19101664>.
Parsing architecture <Behavioral> of entity <mux5_lm_19101664>.
Parsing VHDL file "C:\AAST\Term 6\Computer Architechture\Lab\MIPS_SINGLE_CYCLE_LM_19101664\LM_Mux_3_19101664.vhd" into library work
Parsing entity <LM_Mux_3_19101664>.
Parsing architecture <Behavioral> of entity <lm_mux_3_19101664>.
Parsing VHDL file "C:\AAST\Term 6\Computer Architechture\Lab\MIPS_SINGLE_CYCLE_LM_19101664\LM_Mux32_2_19101664.vhd" into library work
Parsing entity <LM_Mux32_2_19101664>.
Parsing architecture <Behavioral> of entity <lm_mux32_2_19101664>.
Parsing VHDL file "C:\AAST\Term 6\Computer Architechture\Lab\MIPS_SINGLE_CYCLE_LM_19101664\LM_Mux32_1_19101664.vhd" into library work
Parsing entity <LM_Mux32_1_19101664>.
Parsing architecture <Behavioral> of entity <lm_mux32_1_19101664>.
Parsing VHDL file "C:\AAST\Term 6\Computer Architechture\Lab\MIPS_SINGLE_CYCLE_LM_19101664\InstructionMem_LM_19101664.vhd" into library work
Parsing entity <InstructionMem_LM_19101664>.
Parsing architecture <Behavioral> of entity <instructionmem_lm_19101664>.
Parsing VHDL file "C:\AAST\Term 6\Computer Architechture\Lab\MIPS_SINGLE_CYCLE_LM_19101664\Data_Memory_LM_19101664.vhd" into library work
Parsing entity <Data_Memory_LM_19101664>.
Parsing architecture <Behavioral> of entity <data_memory_lm_19101664>.
Parsing VHDL file "C:\AAST\Term 6\Computer Architechture\Lab\MIPS_SINGLE_CYCLE_LM_19101664\ControlUnit_LM_19101664.vhd" into library work
Parsing entity <ControlUnit_LM_19101664>.
Parsing architecture <Behavioral> of entity <controlunit_lm_19101664>.
Parsing VHDL file "C:\AAST\Term 6\Computer Architechture\Lab\MIPS_SINGLE_CYCLE_LM_19101664\ALU_LM_19101664.vhd" into library work
Parsing entity <ALU_LM_19101664>.
Parsing architecture <Behavioral> of entity <alu_lm_19101664>.
Parsing VHDL file "C:\AAST\Term 6\Computer Architechture\Lab\MIPS_SINGLE_CYCLE_LM_19101664\ALU_Control_LM_19101664.vhd" into library work
Parsing entity <ALU_Control_LM_19101664>.
Parsing architecture <Behavioral> of entity <alu_control_lm_19101664>.
Parsing VHDL file "C:\AAST\Term 6\Computer Architechture\Lab\MIPS_SINGLE_CYCLE_LM_19101664\adder_LM_19101664.vhd" into library work
Parsing entity <adder_LM_19101664>.
Parsing architecture <Behavioral> of entity <adder_lm_19101664>.
Parsing VHDL file "C:\AAST\Term 6\Computer Architechture\Lab\MIPS_SINGLE_CYCLE_LM_19101664\Adder4.vhd" into library work
Parsing entity <Adder4>.
Parsing architecture <Behavioral> of entity <adder4>.
Parsing VHDL file "C:\AAST\Term 6\Computer Architechture\Lab\MIPS_SINGLE_CYCLE_LM_19101664\Proccessor_LM_19101664.vhd" into library work
Parsing entity <Proccessor_LM_19101664>.
Parsing architecture <Behavioral> of entity <proccessor_lm_19101664>.
WARNING:HDLCompiler:946 - "C:\AAST\Term 6\Computer Architechture\Lab\MIPS_SINGLE_CYCLE_LM_19101664\Proccessor_LM_19101664.vhd" Line 273: Actual for formal port s is neither a static name nor a globally static expression

=========================================================================
*                            HDL Elaboration                            *
=========================================================================

Elaborating entity <Proccessor_LM_19101664> (architecture <Behavioral>) from library <work>.

Elaborating entity <ControlUnit_LM_19101664> (architecture <Behavioral>) from library <work>.

Elaborating entity <RegisterFile_LM_19101664> (architecture <Behavioral>) from library <work>.
WARNING:HDLCompiler:92 - "C:\AAST\Term 6\Computer Architechture\Lab\MIPS_SINGLE_CYCLE_LM_19101664\RegisterFile_LM_19101664.vhd" Line 66: registers should be on the sensitivity list of the process
WARNING:HDLCompiler:92 - "C:\AAST\Term 6\Computer Architechture\Lab\MIPS_SINGLE_CYCLE_LM_19101664\RegisterFile_LM_19101664.vhd" Line 67: registers should be on the sensitivity list of the process

Elaborating entity <SignExtend_LM_19101664> (architecture <Behavioral>) from library <work>.

Elaborating entity <ALU_Control_LM_19101664> (architecture <Behavioral>) from library <work>.
WARNING:HDLCompiler:92 - "C:\AAST\Term 6\Computer Architechture\Lab\MIPS_SINGLE_CYCLE_LM_19101664\ALU_Control_LM_19101664.vhd" Line 50: func should be on the sensitivity list of the process
WARNING:HDLCompiler:92 - "C:\AAST\Term 6\Computer Architechture\Lab\MIPS_SINGLE_CYCLE_LM_19101664\ALU_Control_LM_19101664.vhd" Line 52: func should be on the sensitivity list of the process
WARNING:HDLCompiler:92 - "C:\AAST\Term 6\Computer Architechture\Lab\MIPS_SINGLE_CYCLE_LM_19101664\ALU_Control_LM_19101664.vhd" Line 54: func should be on the sensitivity list of the process
WARNING:HDLCompiler:92 - "C:\AAST\Term 6\Computer Architechture\Lab\MIPS_SINGLE_CYCLE_LM_19101664\ALU_Control_LM_19101664.vhd" Line 56: func should be on the sensitivity list of the process
WARNING:HDLCompiler:92 - "C:\AAST\Term 6\Computer Architechture\Lab\MIPS_SINGLE_CYCLE_LM_19101664\ALU_Control_LM_19101664.vhd" Line 58: func should be on the sensitivity list of the process
WARNING:HDLCompiler:92 - "C:\AAST\Term 6\Computer Architechture\Lab\MIPS_SINGLE_CYCLE_LM_19101664\ALU_Control_LM_19101664.vhd" Line 62: func should be on the sensitivity list of the process
WARNING:HDLCompiler:92 - "C:\AAST\Term 6\Computer Architechture\Lab\MIPS_SINGLE_CYCLE_LM_19101664\ALU_Control_LM_19101664.vhd" Line 64: func should be on the sensitivity list of the process

Elaborating entity <ALU_LM_19101664> (architecture <Behavioral>) from library <work>.

Elaborating entity <Data_Memory_LM_19101664> (architecture <Behavioral>) from library <work>.
WARNING:HDLCompiler:92 - "C:\AAST\Term 6\Computer Architechture\Lab\MIPS_SINGLE_CYCLE_LM_19101664\Data_Memory_LM_19101664.vhd" Line 63: data_memory should be on the sensitivity list of the process
WARNING:HDLCompiler:92 - "C:\AAST\Term 6\Computer Architechture\Lab\MIPS_SINGLE_CYCLE_LM_19101664\Data_Memory_LM_19101664.vhd" Line 64: data_memory should be on the sensitivity list of the process
WARNING:HDLCompiler:92 - "C:\AAST\Term 6\Computer Architechture\Lab\MIPS_SINGLE_CYCLE_LM_19101664\Data_Memory_LM_19101664.vhd" Line 65: data_memory should be on the sensitivity list of the process
WARNING:HDLCompiler:92 - "C:\AAST\Term 6\Computer Architechture\Lab\MIPS_SINGLE_CYCLE_LM_19101664\Data_Memory_LM_19101664.vhd" Line 66: data_memory should be on the sensitivity list of the process

Elaborating entity <PC202_LM_19101664> (architecture <Behavioral>) from library <work>.

Elaborating entity <InstructionMem_LM_19101664> (architecture <Behavioral>) from library <work>.
WARNING:HDLCompiler:92 - "C:\AAST\Term 6\Computer Architechture\Lab\MIPS_SINGLE_CYCLE_LM_19101664\InstructionMem_LM_19101664.vhd" Line 63: mem should be on the sensitivity list of the process
WARNING:HDLCompiler:92 - "C:\AAST\Term 6\Computer Architechture\Lab\MIPS_SINGLE_CYCLE_LM_19101664\InstructionMem_LM_19101664.vhd" Line 64: mem should be on the sensitivity list of the process
WARNING:HDLCompiler:92 - "C:\AAST\Term 6\Computer Architechture\Lab\MIPS_SINGLE_CYCLE_LM_19101664\InstructionMem_LM_19101664.vhd" Line 65: mem should be on the sensitivity list of the process
WARNING:HDLCompiler:92 - "C:\AAST\Term 6\Computer Architechture\Lab\MIPS_SINGLE_CYCLE_LM_19101664\InstructionMem_LM_19101664.vhd" Line 66: mem should be on the sensitivity list of the process

Elaborating entity <Adder4> (architecture <Behavioral>) from library <work>.

Elaborating entity <adder_LM_19101664> (architecture <Behavioral>) from library <work>.

Elaborating entity <ShiftLeft_LM_19101664> (architecture <Behavioral>) from library <work>.

Elaborating entity <LM_Mux32_1_19101664> (architecture <Behavioral>) from library <work>.

Elaborating entity <LM_Mux32_2_19101664> (architecture <Behavioral>) from library <work>.

Elaborating entity <LM_Mux_3_19101664> (architecture <Behavioral>) from library <work>.

Elaborating entity <Mux5_LM_19101664> (architecture <Behavioral>) from library <work>.
WARNING:Xst:2972 - "C:\AAST\Term 6\Computer Architechture\Lab\MIPS_SINGLE_CYCLE_LM_19101664\Proccessor_LM_19101664.vhd" line 185. All outputs of instance <Control> of block <ControlUnit_LM_19101664> are unconnected in block <Proccessor_LM_19101664>. Underlying logic will be removed.
WARNING:Xst:2972 - "C:\AAST\Term 6\Computer Architechture\Lab\MIPS_SINGLE_CYCLE_LM_19101664\Proccessor_LM_19101664.vhd" line 197. All outputs of instance <Registers> of block <RegisterFile_LM_19101664> are unconnected in block <Proccessor_LM_19101664>. Underlying logic will be removed.
WARNING:Xst:2972 - "C:\AAST\Term 6\Computer Architechture\Lab\MIPS_SINGLE_CYCLE_LM_19101664\Proccessor_LM_19101664.vhd" line 209. All outputs of instance <SignExtend> of block <SignExtend_LM_19101664> are unconnected in block <Proccessor_LM_19101664>. Underlying logic will be removed.
WARNING:Xst:2972 - "C:\AAST\Term 6\Computer Architechture\Lab\MIPS_SINGLE_CYCLE_LM_19101664\Proccessor_LM_19101664.vhd" line 215. All outputs of instance <ALUcontrol> of block <ALU_Control_LM_19101664> are unconnected in block <Proccessor_LM_19101664>. Underlying logic will be removed.
WARNING:Xst:2972 - "C:\AAST\Term 6\Computer Architechture\Lab\MIPS_SINGLE_CYCLE_LM_19101664\Proccessor_LM_19101664.vhd" line 222. All outputs of instance <ALU> of block <ALU_LM_19101664> are unconnected in block <Proccessor_LM_19101664>. Underlying logic will be removed.
WARNING:Xst:2972 - "C:\AAST\Term 6\Computer Architechture\Lab\MIPS_SINGLE_CYCLE_LM_19101664\Proccessor_LM_19101664.vhd" line 231. All outputs of instance <DataMem> of block <Data_Memory_LM_19101664> are unconnected in block <Proccessor_LM_19101664>. Underlying logic will be removed.
WARNING:Xst:2972 - "C:\AAST\Term 6\Computer Architechture\Lab\MIPS_SINGLE_CYCLE_LM_19101664\Proccessor_LM_19101664.vhd" line 241. All outputs of instance <PC> of block <PC202_LM_19101664> are unconnected in block <Proccessor_LM_19101664>. Underlying logic will be removed.
WARNING:Xst:2972 - "C:\AAST\Term 6\Computer Architechture\Lab\MIPS_SINGLE_CYCLE_LM_19101664\Proccessor_LM_19101664.vhd" line 248. All outputs of instance <instmem> of block <InstructionMem_LM_19101664> are unconnected in block <Proccessor_LM_19101664>. Underlying logic will be removed.
WARNING:Xst:2972 - "C:\AAST\Term 6\Computer Architechture\Lab\MIPS_SINGLE_CYCLE_LM_19101664\Proccessor_LM_19101664.vhd" line 254. All outputs of instance <adderr4> of block <Adder4> are unconnected in block <Proccessor_LM_19101664>. Underlying logic will be removed.
WARNING:Xst:2972 - "C:\AAST\Term 6\Computer Architechture\Lab\MIPS_SINGLE_CYCLE_LM_19101664\Proccessor_LM_19101664.vhd" line 259. All outputs of instance <adderrr> of block <adder_LM_19101664> are unconnected in block <Proccessor_LM_19101664>. Underlying logic will be removed.
WARNING:Xst:2972 - "C:\AAST\Term 6\Computer Architechture\Lab\MIPS_SINGLE_CYCLE_LM_19101664\Proccessor_LM_19101664.vhd" line 265. All outputs of instance <shl> of block <ShiftLeft_LM_19101664> are unconnected in block <Proccessor_LM_19101664>. Underlying logic will be removed.
WARNING:Xst:2972 - "C:\AAST\Term 6\Computer Architechture\Lab\MIPS_SINGLE_CYCLE_LM_19101664\Proccessor_LM_19101664.vhd" line 270. All outputs of instance <mux1> of block <LM_Mux32_1_19101664> are unconnected in block <Proccessor_LM_19101664>. Underlying logic will be removed.
WARNING:Xst:2972 - "C:\AAST\Term 6\Computer Architechture\Lab\MIPS_SINGLE_CYCLE_LM_19101664\Proccessor_LM_19101664.vhd" line 277. All outputs of instance <mux2> of block <LM_Mux32_2_19101664> are unconnected in block <Proccessor_LM_19101664>. Underlying logic will be removed.
WARNING:Xst:2972 - "C:\AAST\Term 6\Computer Architechture\Lab\MIPS_SINGLE_CYCLE_LM_19101664\Proccessor_LM_19101664.vhd" line 284. All outputs of instance <mux3> of block <LM_Mux_3_19101664> are unconnected in block <Proccessor_LM_19101664>. Underlying logic will be removed.
WARNING:Xst:2972 - "C:\AAST\Term 6\Computer Architechture\Lab\MIPS_SINGLE_CYCLE_LM_19101664\Proccessor_LM_19101664.vhd" line 292. All outputs of instance <mux5> of block <Mux5_LM_19101664> are unconnected in block <Proccessor_LM_19101664>. Underlying logic will be removed.

=========================================================================
*                           HDL Synthesis                               *
=========================================================================

Synthesizing Unit <Proccessor_LM_19101664>.
    Related source file is "C:\AAST\Term 6\Computer Architechture\Lab\MIPS_SINGLE_CYCLE_LM_19101664\Proccessor_LM_19101664.vhd".
    Summary:
	no macro.
Unit <Proccessor_LM_19101664> synthesized.

=========================================================================
HDL Synthesis Report

Found no macro
=========================================================================

=========================================================================
*                       Advanced HDL Synthesis                          *
=========================================================================


=========================================================================
Advanced HDL Synthesis Report

Found no macro
=========================================================================

=========================================================================
*                         Low Level Synthesis                           *
=========================================================================

Optimizing unit <Proccessor_LM_19101664> ...

Mapping all equations...
Building and optimizing final netlist ...
Found area constraint ratio of 100 (+ 5) on block Proccessor_LM_19101664, actual ratio is 0.

Final Macro Processing ...

=========================================================================
Final Register Report

Found no macro
=========================================================================

=========================================================================
*                           Partition Report                            *
=========================================================================

Partition Implementation Status
-------------------------------

  No Partitions were found in this design.

-------------------------------

=========================================================================
*                            Design Summary                             *
=========================================================================

Top Level Output File Name         : Proccessor_LM_19101664.ngc

Primitive and Black Box Usage:
------------------------------

Device utilization summary:
---------------------------

Selected Device : 7a100tcsg324-3 


Slice Logic Utilization: 

Slice Logic Distribution: 
 Number of LUT Flip Flop pairs used:      0
   Number with an unused Flip Flop:       0  out of      0         
   Number with an unused LUT:             0  out of      0         
   Number of fully used LUT-FF pairs:     0  out of      0         
   Number of unique control sets:         0

IO Utilization: 
 Number of IOs:                           1
 Number of bonded IOBs:                   0  out of    210     0%  

Specific Feature Utilization:

---------------------------
Partition Resource Summary:
---------------------------

  No Partitions were found in this design.

---------------------------


=========================================================================
Timing Report

NOTE: THESE TIMING NUMBERS ARE ONLY A SYNTHESIS ESTIMATE.
      FOR ACCURATE TIMING INFORMATION PLEASE REFER TO THE TRACE REPORT
      GENERATED AFTER PLACE-and-ROUTE.

Clock Information:
------------------
No clock signals found in this design

Asynchronous Control Signals Information:
----------------------------------------
No asynchronous control signals found in this design

Timing Summary:
---------------
Speed Grade: -3

   Minimum period: No path found
   Minimum input arrival time before clock: No path found
   Maximum output required time after clock: No path found
   Maximum combinational path delay: No path found

Timing Details:
---------------
All values displayed in nanoseconds (ns)

=========================================================================

Cross Clock Domains Report:
--------------------------

=========================================================================


Total REAL time to Xst completion: 6.00 secs
Total CPU time to Xst completion: 6.06 secs
 
--> 

Total memory usage is 4695948 kilobytes

Number of errors   :    0 (   0 filtered)
Number of warnings :   33 (   0 filtered)
Number of infos    :    0 (   0 filtered)

